Archive member included to satisfy reference by file (symbol)

/opt/gcc-arm-none-eabi-10.3-2021.10/bin/../lib/gcc/arm-none-eabi/10.3.1/../../../../arm-none-eabi/lib/thumb/v7e-m+fp/hard/libc_nano.a(lib_a-errno.o)
                              Build/syscalls.o (__errno)
/opt/gcc-arm-none-eabi-10.3-2021.10/bin/../lib/gcc/arm-none-eabi/10.3.1/../../../../arm-none-eabi/lib/thumb/v7e-m+fp/hard/libc_nano.a(lib_a-exit.o)
                              /opt/gcc-arm-none-eabi-10.3-2021.10/bin/../lib/gcc/arm-none-eabi/10.3.1/../../../../arm-none-eabi/lib/thumb/v7e-m+fp/hard/crt0.o (exit)
/opt/gcc-arm-none-eabi-10.3-2021.10/bin/../lib/gcc/arm-none-eabi/10.3.1/../../../../arm-none-eabi/lib/thumb/v7e-m+fp/hard/libc_nano.a(lib_a-impure.o)
                              /opt/gcc-arm-none-eabi-10.3-2021.10/bin/../lib/gcc/arm-none-eabi/10.3.1/../../../../arm-none-eabi/lib/thumb/v7e-m+fp/hard/libc_nano.a(lib_a-exit.o) (_global_impure_ptr)
/opt/gcc-arm-none-eabi-10.3-2021.10/bin/../lib/gcc/arm-none-eabi/10.3.1/../../../../arm-none-eabi/lib/thumb/v7e-m+fp/hard/libc_nano.a(lib_a-init.o)
                              /opt/gcc-arm-none-eabi-10.3-2021.10/bin/../lib/gcc/arm-none-eabi/10.3.1/../../../../arm-none-eabi/lib/thumb/v7e-m+fp/hard/crt0.o (__libc_init_array)
/opt/gcc-arm-none-eabi-10.3-2021.10/bin/../lib/gcc/arm-none-eabi/10.3.1/../../../../arm-none-eabi/lib/thumb/v7e-m+fp/hard/libc_nano.a(lib_a-memset.o)
                              /opt/gcc-arm-none-eabi-10.3-2021.10/bin/../lib/gcc/arm-none-eabi/10.3.1/../../../../arm-none-eabi/lib/thumb/v7e-m+fp/hard/crt0.o (memset)

Discarded input sections

 .text          0x0000000000000000        0x0 /opt/gcc-arm-none-eabi-10.3-2021.10/bin/../lib/gcc/arm-none-eabi/10.3.1/thumb/v7e-m+fp/hard/crti.o
 .data          0x0000000000000000        0x0 /opt/gcc-arm-none-eabi-10.3-2021.10/bin/../lib/gcc/arm-none-eabi/10.3.1/thumb/v7e-m+fp/hard/crti.o
 .bss           0x0000000000000000        0x0 /opt/gcc-arm-none-eabi-10.3-2021.10/bin/../lib/gcc/arm-none-eabi/10.3.1/thumb/v7e-m+fp/hard/crti.o
 .data          0x0000000000000000        0x4 /opt/gcc-arm-none-eabi-10.3-2021.10/bin/../lib/gcc/arm-none-eabi/10.3.1/thumb/v7e-m+fp/hard/crtbegin.o
 .rodata        0x0000000000000000       0x24 /opt/gcc-arm-none-eabi-10.3-2021.10/bin/../lib/gcc/arm-none-eabi/10.3.1/thumb/v7e-m+fp/hard/crtbegin.o
 .text          0x0000000000000000       0x7c /opt/gcc-arm-none-eabi-10.3-2021.10/bin/../lib/gcc/arm-none-eabi/10.3.1/../../../../arm-none-eabi/lib/thumb/v7e-m+fp/hard/crt0.o
 .data          0x0000000000000000        0x0 /opt/gcc-arm-none-eabi-10.3-2021.10/bin/../lib/gcc/arm-none-eabi/10.3.1/../../../../arm-none-eabi/lib/thumb/v7e-m+fp/hard/crt0.o
 .bss           0x0000000000000000        0x0 /opt/gcc-arm-none-eabi-10.3-2021.10/bin/../lib/gcc/arm-none-eabi/10.3.1/../../../../arm-none-eabi/lib/thumb/v7e-m+fp/hard/crt0.o
 .ARM.extab     0x0000000000000000        0x0 /opt/gcc-arm-none-eabi-10.3-2021.10/bin/../lib/gcc/arm-none-eabi/10.3.1/../../../../arm-none-eabi/lib/thumb/v7e-m+fp/hard/crt0.o
 .ARM.exidx     0x0000000000000000       0x10 /opt/gcc-arm-none-eabi-10.3-2021.10/bin/../lib/gcc/arm-none-eabi/10.3.1/../../../../arm-none-eabi/lib/thumb/v7e-m+fp/hard/crt0.o
 .ARM.attributes
                0x0000000000000000       0x1c /opt/gcc-arm-none-eabi-10.3-2021.10/bin/../lib/gcc/arm-none-eabi/10.3.1/../../../../arm-none-eabi/lib/thumb/v7e-m+fp/hard/crt0.o
 .group         0x0000000000000000        0xc Build/main.o
 .group         0x0000000000000000        0xc Build/main.o
 .group         0x0000000000000000        0xc Build/main.o
 .group         0x0000000000000000        0xc Build/main.o
 .group         0x0000000000000000        0xc Build/main.o
 .group         0x0000000000000000        0xc Build/main.o
 .group         0x0000000000000000        0xc Build/main.o
 .group         0x0000000000000000        0xc Build/main.o
 .group         0x0000000000000000        0xc Build/main.o
 .group         0x0000000000000000        0xc Build/main.o
 .group         0x0000000000000000        0xc Build/main.o
 .group         0x0000000000000000        0xc Build/main.o
 .group         0x0000000000000000        0xc Build/main.o
 .group         0x0000000000000000        0xc Build/main.o
 .text          0x0000000000000000        0x0 Build/main.o
 .data          0x0000000000000000        0x0 Build/main.o
 .bss           0x0000000000000000        0x0 Build/main.o
 .group         0x0000000000000000        0xc Build/led.o
 .group         0x0000000000000000        0xc Build/led.o
 .group         0x0000000000000000        0xc Build/led.o
 .group         0x0000000000000000        0xc Build/led.o
 .group         0x0000000000000000        0xc Build/led.o
 .group         0x0000000000000000        0xc Build/led.o
 .group         0x0000000000000000        0xc Build/led.o
 .group         0x0000000000000000        0xc Build/led.o
 .group         0x0000000000000000        0xc Build/led.o
 .group         0x0000000000000000        0xc Build/led.o
 .group         0x0000000000000000        0xc Build/led.o
 .group         0x0000000000000000        0xc Build/led.o
 .group         0x0000000000000000        0xc Build/led.o
 .group         0x0000000000000000        0xc Build/led.o
 .text          0x0000000000000000        0x0 Build/led.o
 .data          0x0000000000000000        0x0 Build/led.o
 .bss           0x0000000000000000        0x0 Build/led.o
 .text.TurOff_led
                0x0000000000000000       0x20 Build/led.o
 .debug_macro   0x0000000000000000      0xa84 Build/led.o
 .debug_macro   0x0000000000000000       0x2f Build/led.o
 .debug_macro   0x0000000000000000       0x22 Build/led.o
 .debug_macro   0x0000000000000000       0x8e Build/led.o
 .debug_macro   0x0000000000000000       0x51 Build/led.o
 .debug_macro   0x0000000000000000      0x103 Build/led.o
 .debug_macro   0x0000000000000000       0x6a Build/led.o
 .debug_macro   0x0000000000000000      0x1df Build/led.o
 .debug_macro   0x0000000000000000       0x1c Build/led.o
 .debug_macro   0x0000000000000000       0x22 Build/led.o
 .debug_macro   0x0000000000000000       0xd9 Build/led.o
 .debug_macro   0x0000000000000000     0x102d Build/led.o
 .debug_macro   0x0000000000000000      0x11f Build/led.o
 .debug_macro   0x0000000000000000    0x15e82 Build/led.o
 .group         0x0000000000000000        0xc Build/syscalls.o
 .group         0x0000000000000000        0xc Build/syscalls.o
 .group         0x0000000000000000        0xc Build/syscalls.o
 .group         0x0000000000000000        0xc Build/syscalls.o
 .group         0x0000000000000000        0xc Build/syscalls.o
 .group         0x0000000000000000        0xc Build/syscalls.o
 .group         0x0000000000000000        0xc Build/syscalls.o
 .group         0x0000000000000000        0xc Build/syscalls.o
 .group         0x0000000000000000        0xc Build/syscalls.o
 .group         0x0000000000000000        0xc Build/syscalls.o
 .group         0x0000000000000000        0xc Build/syscalls.o
 .group         0x0000000000000000        0xc Build/syscalls.o
 .group         0x0000000000000000        0xc Build/syscalls.o
 .group         0x0000000000000000        0xc Build/syscalls.o
 .group         0x0000000000000000        0xc Build/syscalls.o
 .group         0x0000000000000000        0xc Build/syscalls.o
 .group         0x0000000000000000        0xc Build/syscalls.o
 .group         0x0000000000000000        0xc Build/syscalls.o
 .group         0x0000000000000000        0xc Build/syscalls.o
 .group         0x0000000000000000        0xc Build/syscalls.o
 .group         0x0000000000000000        0xc Build/syscalls.o
 .group         0x0000000000000000        0xc Build/syscalls.o
 .group         0x0000000000000000        0xc Build/syscalls.o
 .group         0x0000000000000000        0xc Build/syscalls.o
 .group         0x0000000000000000        0xc Build/syscalls.o
 .group         0x0000000000000000        0xc Build/syscalls.o
 .group         0x0000000000000000        0xc Build/syscalls.o
 .group         0x0000000000000000        0xc Build/syscalls.o
 .group         0x0000000000000000        0xc Build/syscalls.o
 .group         0x0000000000000000        0xc Build/syscalls.o
 .group         0x0000000000000000        0xc Build/syscalls.o
 .group         0x0000000000000000        0xc Build/syscalls.o
 .group         0x0000000000000000        0xc Build/syscalls.o
 .group         0x0000000000000000        0xc Build/syscalls.o
 .group         0x0000000000000000        0xc Build/syscalls.o
 .group         0x0000000000000000        0xc Build/syscalls.o
 .group         0x0000000000000000        0xc Build/syscalls.o
 .group         0x0000000000000000        0xc Build/syscalls.o
 .group         0x0000000000000000        0xc Build/syscalls.o
 .group         0x0000000000000000        0xc Build/syscalls.o
 .group         0x0000000000000000        0xc Build/syscalls.o
 .group         0x0000000000000000        0xc Build/syscalls.o
 .group         0x0000000000000000        0xc Build/syscalls.o
 .group         0x0000000000000000        0xc Build/syscalls.o
 .group         0x0000000000000000        0xc Build/syscalls.o
 .group         0x0000000000000000        0xc Build/syscalls.o
 .group         0x0000000000000000        0xc Build/syscalls.o
 .text          0x0000000000000000        0x0 Build/syscalls.o
 .data          0x0000000000000000        0x0 Build/syscalls.o
 .bss           0x0000000000000000        0x0 Build/syscalls.o
 .bss.__env     0x0000000000000000        0x4 Build/syscalls.o
 .data.environ  0x0000000000000000        0x4 Build/syscalls.o
 .text.initialise_monitor_handles
                0x0000000000000000        0xe Build/syscalls.o
 .text._getpid  0x0000000000000000       0x10 Build/syscalls.o
 .text._kill    0x0000000000000000       0x20 Build/syscalls.o
 .text._exit    0x0000000000000000       0x14 Build/syscalls.o
 .text._read    0x0000000000000000       0x3a Build/syscalls.o
 .text._write   0x0000000000000000       0x38 Build/syscalls.o
 .text._close   0x0000000000000000       0x18 Build/syscalls.o
 .text._fstat   0x0000000000000000       0x20 Build/syscalls.o
 .text._isatty  0x0000000000000000       0x16 Build/syscalls.o
 .text._lseek   0x0000000000000000       0x1a Build/syscalls.o
 .text._open    0x0000000000000000       0x1c Build/syscalls.o
 .text._wait    0x0000000000000000       0x1e Build/syscalls.o
 .text._unlink  0x0000000000000000       0x1e Build/syscalls.o
 .text._times   0x0000000000000000       0x18 Build/syscalls.o
 .text._stat    0x0000000000000000       0x20 Build/syscalls.o
 .text._link    0x0000000000000000       0x20 Build/syscalls.o
 .text._fork    0x0000000000000000       0x16 Build/syscalls.o
 .text._execve  0x0000000000000000       0x22 Build/syscalls.o
 .debug_info    0x0000000000000000      0x6b2 Build/syscalls.o
 .debug_abbrev  0x0000000000000000      0x180 Build/syscalls.o
 .debug_aranges
                0x0000000000000000       0xa8 Build/syscalls.o
 .debug_ranges  0x0000000000000000       0x98 Build/syscalls.o
 .debug_macro   0x0000000000000000      0x24c Build/syscalls.o
 .debug_macro   0x0000000000000000      0xa84 Build/syscalls.o
 .debug_macro   0x0000000000000000       0x22 Build/syscalls.o
 .debug_macro   0x0000000000000000       0x4c Build/syscalls.o
 .debug_macro   0x0000000000000000       0x1e Build/syscalls.o
 .debug_macro   0x0000000000000000       0x94 Build/syscalls.o
 .debug_macro   0x0000000000000000       0x3c Build/syscalls.o
 .debug_macro   0x0000000000000000       0x34 Build/syscalls.o
 .debug_macro   0x0000000000000000       0x57 Build/syscalls.o
 .debug_macro   0x0000000000000000      0x174 Build/syscalls.o
 .debug_macro   0x0000000000000000      0x341 Build/syscalls.o
 .debug_macro   0x0000000000000000       0x16 Build/syscalls.o
 .debug_macro   0x0000000000000000       0x43 Build/syscalls.o
 .debug_macro   0x0000000000000000       0x34 Build/syscalls.o
 .debug_macro   0x0000000000000000       0x10 Build/syscalls.o
 .debug_macro   0x0000000000000000       0x58 Build/syscalls.o
 .debug_macro   0x0000000000000000       0x71 Build/syscalls.o
 .debug_macro   0x0000000000000000       0x1c Build/syscalls.o
 .debug_macro   0x0000000000000000      0x12a Build/syscalls.o
 .debug_macro   0x0000000000000000       0x10 Build/syscalls.o
 .debug_macro   0x0000000000000000       0x35 Build/syscalls.o
 .debug_macro   0x0000000000000000       0x10 Build/syscalls.o
 .debug_macro   0x0000000000000000       0x10 Build/syscalls.o
 .debug_macro   0x0000000000000000       0x10 Build/syscalls.o
 .debug_macro   0x0000000000000000       0x6a Build/syscalls.o
 .debug_macro   0x0000000000000000       0x1c Build/syscalls.o
 .debug_macro   0x0000000000000000       0x52 Build/syscalls.o
 .debug_macro   0x0000000000000000       0x22 Build/syscalls.o
 .debug_macro   0x0000000000000000       0x10 Build/syscalls.o
 .debug_macro   0x0000000000000000       0x52 Build/syscalls.o
 .debug_macro   0x0000000000000000       0xd5 Build/syscalls.o
 .debug_macro   0x0000000000000000       0x1c Build/syscalls.o
 .debug_macro   0x0000000000000000       0x3d Build/syscalls.o
 .debug_macro   0x0000000000000000       0x35 Build/syscalls.o
 .debug_macro   0x0000000000000000      0x12c Build/syscalls.o
 .debug_macro   0x0000000000000000       0x16 Build/syscalls.o
 .debug_macro   0x0000000000000000       0x16 Build/syscalls.o
 .debug_macro   0x0000000000000000       0x29 Build/syscalls.o
 .debug_macro   0x0000000000000000       0x10 Build/syscalls.o
 .debug_macro   0x0000000000000000      0x241 Build/syscalls.o
 .debug_macro   0x0000000000000000       0x1c Build/syscalls.o
 .debug_macro   0x0000000000000000       0x10 Build/syscalls.o
 .debug_macro   0x0000000000000000       0x10 Build/syscalls.o
 .debug_macro   0x0000000000000000       0x16 Build/syscalls.o
 .debug_macro   0x0000000000000000      0x145 Build/syscalls.o
 .debug_macro   0x0000000000000000      0x189 Build/syscalls.o
 .debug_macro   0x0000000000000000       0x16 Build/syscalls.o
 .debug_macro   0x0000000000000000       0xce Build/syscalls.o
 .debug_line    0x0000000000000000      0x5b2 Build/syscalls.o
 .debug_str     0x0000000000000000     0x8a6b Build/syscalls.o
 .comment       0x0000000000000000       0x4a Build/syscalls.o
 .debug_frame   0x0000000000000000      0x2ac Build/syscalls.o
 .ARM.attributes
                0x0000000000000000       0x34 Build/syscalls.o
 .group         0x0000000000000000        0xc Build/sysmem.o
 .group         0x0000000000000000        0xc Build/sysmem.o
 .group         0x0000000000000000        0xc Build/sysmem.o
 .group         0x0000000000000000        0xc Build/sysmem.o
 .group         0x0000000000000000        0xc Build/sysmem.o
 .group         0x0000000000000000        0xc Build/sysmem.o
 .group         0x0000000000000000        0xc Build/sysmem.o
 .group         0x0000000000000000        0xc Build/sysmem.o
 .group         0x0000000000000000        0xc Build/sysmem.o
 .group         0x0000000000000000        0xc Build/sysmem.o
 .group         0x0000000000000000        0xc Build/sysmem.o
 .group         0x0000000000000000        0xc Build/sysmem.o
 .group         0x0000000000000000        0xc Build/sysmem.o
 .group         0x0000000000000000        0xc Build/sysmem.o
 .group         0x0000000000000000        0xc Build/sysmem.o
 .group         0x0000000000000000        0xc Build/sysmem.o
 .group         0x0000000000000000        0xc Build/sysmem.o
 .group         0x0000000000000000        0xc Build/sysmem.o
 .group         0x0000000000000000        0xc Build/sysmem.o
 .group         0x0000000000000000        0xc Build/sysmem.o
 .group         0x0000000000000000        0xc Build/sysmem.o
 .group         0x0000000000000000        0xc Build/sysmem.o
 .text          0x0000000000000000        0x0 Build/sysmem.o
 .data          0x0000000000000000        0x0 Build/sysmem.o
 .bss           0x0000000000000000        0x0 Build/sysmem.o
 .bss.__sbrk_heap_end
                0x0000000000000000        0x4 Build/sysmem.o
 .text._sbrk    0x0000000000000000       0x6c Build/sysmem.o
 .debug_info    0x0000000000000000      0x15f Build/sysmem.o
 .debug_abbrev  0x0000000000000000       0xa6 Build/sysmem.o
 .debug_aranges
                0x0000000000000000       0x20 Build/sysmem.o
 .debug_ranges  0x0000000000000000       0x10 Build/sysmem.o
 .debug_macro   0x0000000000000000       0xff Build/sysmem.o
 .debug_macro   0x0000000000000000      0xa84 Build/sysmem.o
 .debug_macro   0x0000000000000000       0x10 Build/sysmem.o
 .debug_macro   0x0000000000000000       0x22 Build/sysmem.o
 .debug_macro   0x0000000000000000       0x4c Build/sysmem.o
 .debug_macro   0x0000000000000000       0x1e Build/sysmem.o
 .debug_macro   0x0000000000000000       0x94 Build/sysmem.o
 .debug_macro   0x0000000000000000       0x3c Build/sysmem.o
 .debug_macro   0x0000000000000000       0x34 Build/sysmem.o
 .debug_macro   0x0000000000000000      0x174 Build/sysmem.o
 .debug_macro   0x0000000000000000       0x16 Build/sysmem.o
 .debug_macro   0x0000000000000000       0x43 Build/sysmem.o
 .debug_macro   0x0000000000000000       0x57 Build/sysmem.o
 .debug_macro   0x0000000000000000       0x34 Build/sysmem.o
 .debug_macro   0x0000000000000000       0x10 Build/sysmem.o
 .debug_macro   0x0000000000000000       0x58 Build/sysmem.o
 .debug_macro   0x0000000000000000       0x71 Build/sysmem.o
 .debug_macro   0x0000000000000000       0x1c Build/sysmem.o
 .debug_macro   0x0000000000000000      0x12a Build/sysmem.o
 .debug_macro   0x0000000000000000      0x23b Build/sysmem.o
 .debug_macro   0x0000000000000000      0x103 Build/sysmem.o
 .debug_macro   0x0000000000000000       0x6a Build/sysmem.o
 .debug_macro   0x0000000000000000      0x1df Build/sysmem.o
 .debug_line    0x0000000000000000      0x2a8 Build/sysmem.o
 .debug_str     0x0000000000000000     0x5dc1 Build/sysmem.o
 .comment       0x0000000000000000       0x4a Build/sysmem.o
 .debug_frame   0x0000000000000000       0x34 Build/sysmem.o
 .ARM.attributes
                0x0000000000000000       0x34 Build/sysmem.o
 .text          0x0000000000000000       0x14 Build/startup_stm32f401vgtx.o
 .data          0x0000000000000000        0x0 Build/startup_stm32f401vgtx.o
 .bss           0x0000000000000000        0x0 Build/startup_stm32f401vgtx.o
 .text          0x0000000000000000        0x0 Build/bootloader.o
 .data          0x0000000000000000        0x0 Build/bootloader.o
 .bss           0x0000000000000000        0x0 Build/bootloader.o
 .ARM.attributes
                0x0000000000000000       0x20 Build/bootloader.o
 .text          0x0000000000000000        0x0 /opt/gcc-arm-none-eabi-10.3-2021.10/bin/../lib/gcc/arm-none-eabi/10.3.1/../../../../arm-none-eabi/lib/thumb/v7e-m+fp/hard/libc_nano.a(lib_a-errno.o)
 .data          0x0000000000000000        0x0 /opt/gcc-arm-none-eabi-10.3-2021.10/bin/../lib/gcc/arm-none-eabi/10.3.1/../../../../arm-none-eabi/lib/thumb/v7e-m+fp/hard/libc_nano.a(lib_a-errno.o)
 .bss           0x0000000000000000        0x0 /opt/gcc-arm-none-eabi-10.3-2021.10/bin/../lib/gcc/arm-none-eabi/10.3.1/../../../../arm-none-eabi/lib/thumb/v7e-m+fp/hard/libc_nano.a(lib_a-errno.o)
 .text.__errno  0x0000000000000000        0xc /opt/gcc-arm-none-eabi-10.3-2021.10/bin/../lib/gcc/arm-none-eabi/10.3.1/../../../../arm-none-eabi/lib/thumb/v7e-m+fp/hard/libc_nano.a(lib_a-errno.o)
 .debug_frame   0x0000000000000000       0x20 /opt/gcc-arm-none-eabi-10.3-2021.10/bin/../lib/gcc/arm-none-eabi/10.3.1/../../../../arm-none-eabi/lib/thumb/v7e-m+fp/hard/libc_nano.a(lib_a-errno.o)
 .ARM.attributes
                0x0000000000000000       0x34 /opt/gcc-arm-none-eabi-10.3-2021.10/bin/../lib/gcc/arm-none-eabi/10.3.1/../../../../arm-none-eabi/lib/thumb/v7e-m+fp/hard/libc_nano.a(lib_a-errno.o)
 .text          0x0000000000000000        0x0 /opt/gcc-arm-none-eabi-10.3-2021.10/bin/../lib/gcc/arm-none-eabi/10.3.1/../../../../arm-none-eabi/lib/thumb/v7e-m+fp/hard/libc_nano.a(lib_a-exit.o)
 .data          0x0000000000000000        0x0 /opt/gcc-arm-none-eabi-10.3-2021.10/bin/../lib/gcc/arm-none-eabi/10.3.1/../../../../arm-none-eabi/lib/thumb/v7e-m+fp/hard/libc_nano.a(lib_a-exit.o)
 .bss           0x0000000000000000        0x0 /opt/gcc-arm-none-eabi-10.3-2021.10/bin/../lib/gcc/arm-none-eabi/10.3.1/../../../../arm-none-eabi/lib/thumb/v7e-m+fp/hard/libc_nano.a(lib_a-exit.o)
 .text.exit     0x0000000000000000       0x28 /opt/gcc-arm-none-eabi-10.3-2021.10/bin/../lib/gcc/arm-none-eabi/10.3.1/../../../../arm-none-eabi/lib/thumb/v7e-m+fp/hard/libc_nano.a(lib_a-exit.o)
 .debug_frame   0x0000000000000000       0x28 /opt/gcc-arm-none-eabi-10.3-2021.10/bin/../lib/gcc/arm-none-eabi/10.3.1/../../../../arm-none-eabi/lib/thumb/v7e-m+fp/hard/libc_nano.a(lib_a-exit.o)
 .ARM.attributes
                0x0000000000000000       0x34 /opt/gcc-arm-none-eabi-10.3-2021.10/bin/../lib/gcc/arm-none-eabi/10.3.1/../../../../arm-none-eabi/lib/thumb/v7e-m+fp/hard/libc_nano.a(lib_a-exit.o)
 .text          0x0000000000000000        0x0 /opt/gcc-arm-none-eabi-10.3-2021.10/bin/../lib/gcc/arm-none-eabi/10.3.1/../../../../arm-none-eabi/lib/thumb/v7e-m+fp/hard/libc_nano.a(lib_a-impure.o)
 .data          0x0000000000000000        0x0 /opt/gcc-arm-none-eabi-10.3-2021.10/bin/../lib/gcc/arm-none-eabi/10.3.1/../../../../arm-none-eabi/lib/thumb/v7e-m+fp/hard/libc_nano.a(lib_a-impure.o)
 .bss           0x0000000000000000        0x0 /opt/gcc-arm-none-eabi-10.3-2021.10/bin/../lib/gcc/arm-none-eabi/10.3.1/../../../../arm-none-eabi/lib/thumb/v7e-m+fp/hard/libc_nano.a(lib_a-impure.o)
 .data._impure_ptr
                0x0000000000000000        0x4 /opt/gcc-arm-none-eabi-10.3-2021.10/bin/../lib/gcc/arm-none-eabi/10.3.1/../../../../arm-none-eabi/lib/thumb/v7e-m+fp/hard/libc_nano.a(lib_a-impure.o)
 .data.impure_data
                0x0000000000000000       0x60 /opt/gcc-arm-none-eabi-10.3-2021.10/bin/../lib/gcc/arm-none-eabi/10.3.1/../../../../arm-none-eabi/lib/thumb/v7e-m+fp/hard/libc_nano.a(lib_a-impure.o)
 .rodata._global_impure_ptr
                0x0000000000000000        0x4 /opt/gcc-arm-none-eabi-10.3-2021.10/bin/../lib/gcc/arm-none-eabi/10.3.1/../../../../arm-none-eabi/lib/thumb/v7e-m+fp/hard/libc_nano.a(lib_a-impure.o)
 .ARM.attributes
                0x0000000000000000       0x34 /opt/gcc-arm-none-eabi-10.3-2021.10/bin/../lib/gcc/arm-none-eabi/10.3.1/../../../../arm-none-eabi/lib/thumb/v7e-m+fp/hard/libc_nano.a(lib_a-impure.o)
 .text          0x0000000000000000        0x0 /opt/gcc-arm-none-eabi-10.3-2021.10/bin/../lib/gcc/arm-none-eabi/10.3.1/../../../../arm-none-eabi/lib/thumb/v7e-m+fp/hard/libc_nano.a(lib_a-init.o)
 .data          0x0000000000000000        0x0 /opt/gcc-arm-none-eabi-10.3-2021.10/bin/../lib/gcc/arm-none-eabi/10.3.1/../../../../arm-none-eabi/lib/thumb/v7e-m+fp/hard/libc_nano.a(lib_a-init.o)
 .bss           0x0000000000000000        0x0 /opt/gcc-arm-none-eabi-10.3-2021.10/bin/../lib/gcc/arm-none-eabi/10.3.1/../../../../arm-none-eabi/lib/thumb/v7e-m+fp/hard/libc_nano.a(lib_a-init.o)
 .text          0x0000000000000000        0x0 /opt/gcc-arm-none-eabi-10.3-2021.10/bin/../lib/gcc/arm-none-eabi/10.3.1/../../../../arm-none-eabi/lib/thumb/v7e-m+fp/hard/libc_nano.a(lib_a-memset.o)
 .data          0x0000000000000000        0x0 /opt/gcc-arm-none-eabi-10.3-2021.10/bin/../lib/gcc/arm-none-eabi/10.3.1/../../../../arm-none-eabi/lib/thumb/v7e-m+fp/hard/libc_nano.a(lib_a-memset.o)
 .bss           0x0000000000000000        0x0 /opt/gcc-arm-none-eabi-10.3-2021.10/bin/../lib/gcc/arm-none-eabi/10.3.1/../../../../arm-none-eabi/lib/thumb/v7e-m+fp/hard/libc_nano.a(lib_a-memset.o)
 .text.memset   0x0000000000000000       0x10 /opt/gcc-arm-none-eabi-10.3-2021.10/bin/../lib/gcc/arm-none-eabi/10.3.1/../../../../arm-none-eabi/lib/thumb/v7e-m+fp/hard/libc_nano.a(lib_a-memset.o)
 .debug_frame   0x0000000000000000       0x20 /opt/gcc-arm-none-eabi-10.3-2021.10/bin/../lib/gcc/arm-none-eabi/10.3.1/../../../../arm-none-eabi/lib/thumb/v7e-m+fp/hard/libc_nano.a(lib_a-memset.o)
 .ARM.attributes
                0x0000000000000000       0x34 /opt/gcc-arm-none-eabi-10.3-2021.10/bin/../lib/gcc/arm-none-eabi/10.3.1/../../../../arm-none-eabi/lib/thumb/v7e-m+fp/hard/libc_nano.a(lib_a-memset.o)
 .text          0x0000000000000000        0x0 /opt/gcc-arm-none-eabi-10.3-2021.10/bin/../lib/gcc/arm-none-eabi/10.3.1/thumb/v7e-m+fp/hard/crtend.o
 .data          0x0000000000000000        0x0 /opt/gcc-arm-none-eabi-10.3-2021.10/bin/../lib/gcc/arm-none-eabi/10.3.1/thumb/v7e-m+fp/hard/crtend.o
 .bss           0x0000000000000000        0x0 /opt/gcc-arm-none-eabi-10.3-2021.10/bin/../lib/gcc/arm-none-eabi/10.3.1/thumb/v7e-m+fp/hard/crtend.o
 .rodata        0x0000000000000000       0x24 /opt/gcc-arm-none-eabi-10.3-2021.10/bin/../lib/gcc/arm-none-eabi/10.3.1/thumb/v7e-m+fp/hard/crtend.o
 .eh_frame      0x0000000000000000        0x4 /opt/gcc-arm-none-eabi-10.3-2021.10/bin/../lib/gcc/arm-none-eabi/10.3.1/thumb/v7e-m+fp/hard/crtend.o
 .ARM.attributes
                0x0000000000000000       0x34 /opt/gcc-arm-none-eabi-10.3-2021.10/bin/../lib/gcc/arm-none-eabi/10.3.1/thumb/v7e-m+fp/hard/crtend.o
 .text          0x0000000000000000        0x0 /opt/gcc-arm-none-eabi-10.3-2021.10/bin/../lib/gcc/arm-none-eabi/10.3.1/thumb/v7e-m+fp/hard/crtn.o
 .data          0x0000000000000000        0x0 /opt/gcc-arm-none-eabi-10.3-2021.10/bin/../lib/gcc/arm-none-eabi/10.3.1/thumb/v7e-m+fp/hard/crtn.o
 .bss           0x0000000000000000        0x0 /opt/gcc-arm-none-eabi-10.3-2021.10/bin/../lib/gcc/arm-none-eabi/10.3.1/thumb/v7e-m+fp/hard/crtn.o

Memory Configuration

Name             Origin             Length             Attributes
CCMRAM           0x0000000010000000 0x0000000000010000 xrw
RAM              0x0000000020000000 0x0000000000020000 xrw
FLASH            0x0000000008000000 0x0000000000100000 xr
*default*        0x0000000000000000 0xffffffffffffffff

Linker script and memory map

LOAD /opt/gcc-arm-none-eabi-10.3-2021.10/bin/../lib/gcc/arm-none-eabi/10.3.1/thumb/v7e-m+fp/hard/crti.o
LOAD /opt/gcc-arm-none-eabi-10.3-2021.10/bin/../lib/gcc/arm-none-eabi/10.3.1/thumb/v7e-m+fp/hard/crtbegin.o
LOAD /opt/gcc-arm-none-eabi-10.3-2021.10/bin/../lib/gcc/arm-none-eabi/10.3.1/../../../../arm-none-eabi/lib/thumb/v7e-m+fp/hard/crt0.o
LOAD Build/main.o
LOAD Build/led.o
LOAD Build/syscalls.o
LOAD Build/sysmem.o
LOAD Build/startup_stm32f401vgtx.o
LOAD Build/bootloader.o
START GROUP
LOAD /opt/gcc-arm-none-eabi-10.3-2021.10/bin/../lib/gcc/arm-none-eabi/10.3.1/../../../../arm-none-eabi/lib/thumb/v7e-m+fp/hard/libc_nano.a
LOAD /opt/gcc-arm-none-eabi-10.3-2021.10/bin/../lib/gcc/arm-none-eabi/10.3.1/../../../../arm-none-eabi/lib/thumb/v7e-m+fp/hard/libm.a
END GROUP
START GROUP
LOAD /opt/gcc-arm-none-eabi-10.3-2021.10/bin/../lib/gcc/arm-none-eabi/10.3.1/thumb/v7e-m+fp/hard/libgcc.a
LOAD /opt/gcc-arm-none-eabi-10.3-2021.10/bin/../lib/gcc/arm-none-eabi/10.3.1/../../../../arm-none-eabi/lib/thumb/v7e-m+fp/hard/libc_nano.a
END GROUP
START GROUP
LOAD /opt/gcc-arm-none-eabi-10.3-2021.10/bin/../lib/gcc/arm-none-eabi/10.3.1/thumb/v7e-m+fp/hard/libgcc.a
LOAD /opt/gcc-arm-none-eabi-10.3-2021.10/bin/../lib/gcc/arm-none-eabi/10.3.1/../../../../arm-none-eabi/lib/thumb/v7e-m+fp/hard/libc_nano.a
LOAD /opt/gcc-arm-none-eabi-10.3-2021.10/bin/../lib/gcc/arm-none-eabi/10.3.1/../../../../arm-none-eabi/lib/thumb/v7e-m+fp/hard/libnosys.a
END GROUP
START GROUP
LOAD /opt/gcc-arm-none-eabi-10.3-2021.10/bin/../lib/gcc/arm-none-eabi/10.3.1/thumb/v7e-m+fp/hard/libgcc.a
LOAD /opt/gcc-arm-none-eabi-10.3-2021.10/bin/../lib/gcc/arm-none-eabi/10.3.1/../../../../arm-none-eabi/lib/thumb/v7e-m+fp/hard/libc_nano.a
LOAD /opt/gcc-arm-none-eabi-10.3-2021.10/bin/../lib/gcc/arm-none-eabi/10.3.1/../../../../arm-none-eabi/lib/thumb/v7e-m+fp/hard/libnosys.a
END GROUP
LOAD /opt/gcc-arm-none-eabi-10.3-2021.10/bin/../lib/gcc/arm-none-eabi/10.3.1/thumb/v7e-m+fp/hard/crtend.o
LOAD /opt/gcc-arm-none-eabi-10.3-2021.10/bin/../lib/gcc/arm-none-eabi/10.3.1/thumb/v7e-m+fp/hard/crtn.o
                0x0000000020020000                _estack = (ORIGIN (RAM) + LENGTH (RAM))
                0x0000000000000200                _Min_Heap_Size = 0x200
                0x0000000000000400                _Min_Stack_Size = 0x400

.text           0x0000000008000000     0x838c
 *(.bootloader_section)
 .bootloader_section
                0x0000000008000000     0x8000 Build/bootloader.o
                0x0000000008008000                . = ALIGN (0x4)
 *(.isr_vector)
 .isr_vector    0x0000000008008000      0x1a8 Build/startup_stm32f401vgtx.o
                0x0000000008008000                g_pfnVectors
                0x00000000080081a8                . = ALIGN (0x4)
 *(.text)
 .text          0x00000000080081a8       0x40 /opt/gcc-arm-none-eabi-10.3-2021.10/bin/../lib/gcc/arm-none-eabi/10.3.1/thumb/v7e-m+fp/hard/crtbegin.o
 *(.text*)
 .text.setup_vectable
                0x00000000080081e8       0x1c Build/main.o
 .text.main     0x0000000008008204       0x38 Build/main.o
                0x0000000008008204                main
 .text.do_somthing
                0x000000000800823c       0x20 Build/main.o
                0x000000000800823c                do_somthing
 .text.Led_init
                0x000000000800825c       0x3c Build/led.o
                0x000000000800825c                Led_init
 .text.Toggle_led
                0x0000000008008298       0x20 Build/led.o
                0x0000000008008298                Toggle_led
 .text.TurOn_led
                0x00000000080082b8       0x20 Build/led.o
                0x00000000080082b8                TurOn_led
 .text.Reset_Handler
                0x00000000080082d8       0x50 Build/startup_stm32f401vgtx.o
                0x00000000080082d8                Reset_Handler
 .text.Default_Handler
                0x0000000008008328        0x2 Build/startup_stm32f401vgtx.o
                0x0000000008008328                RTC_Alarm_IRQHandler
                0x0000000008008328                HASH_RNG_IRQHandler
                0x0000000008008328                EXTI2_IRQHandler
                0x0000000008008328                TIM8_CC_IRQHandler
                0x0000000008008328                DebugMon_Handler
                0x0000000008008328                TIM1_CC_IRQHandler
                0x0000000008008328                DMA2_Stream5_IRQHandler
                0x0000000008008328                HardFault_Handler
                0x0000000008008328                DMA1_Stream5_IRQHandler
                0x0000000008008328                SysTick_Handler
                0x0000000008008328                PVD_IRQHandler
                0x0000000008008328                SDIO_IRQHandler
                0x0000000008008328                TAMP_STAMP_IRQHandler
                0x0000000008008328                PendSV_Handler
                0x0000000008008328                NMI_Handler
                0x0000000008008328                CAN2_RX1_IRQHandler
                0x0000000008008328                EXTI3_IRQHandler
                0x0000000008008328                TIM8_TRG_COM_TIM14_IRQHandler
                0x0000000008008328                TIM1_UP_TIM10_IRQHandler
                0x0000000008008328                TIM8_UP_TIM13_IRQHandler
                0x0000000008008328                I2C3_ER_IRQHandler
                0x0000000008008328                LCD_TFT_IRQHandler
                0x0000000008008328                EXTI0_IRQHandler
                0x0000000008008328                I2C2_EV_IRQHandler
                0x0000000008008328                DMA1_Stream2_IRQHandler
                0x0000000008008328                CAN1_RX0_IRQHandler
                0x0000000008008328                FPU_IRQHandler
                0x0000000008008328                OTG_HS_WKUP_IRQHandler
                0x0000000008008328                UsageFault_Handler
                0x0000000008008328                CAN2_SCE_IRQHandler
                0x0000000008008328                DMA2_Stream2_IRQHandler
                0x0000000008008328                SPI1_IRQHandler
                0x0000000008008328                TIM6_DAC_IRQHandler
                0x0000000008008328                TIM1_BRK_TIM9_IRQHandler
                0x0000000008008328                DCMI_IRQHandler
                0x0000000008008328                CAN2_RX0_IRQHandler
                0x0000000008008328                DMA2_Stream3_IRQHandler
                0x0000000008008328                USART6_IRQHandler
                0x0000000008008328                USART3_IRQHandler
                0x0000000008008328                CRYP_IRQHandler
                0x0000000008008328                CAN1_RX1_IRQHandler
                0x0000000008008328                UART5_IRQHandler
                0x0000000008008328                DMA2_Stream0_IRQHandler
                0x0000000008008328                TIM4_IRQHandler
                0x0000000008008328                I2C1_EV_IRQHandler
                0x0000000008008328                DMA1_Stream6_IRQHandler
                0x0000000008008328                DMA1_Stream1_IRQHandler
                0x0000000008008328                UART4_IRQHandler
                0x0000000008008328                LCD_TFT_1_IRQHandler
                0x0000000008008328                TIM3_IRQHandler
                0x0000000008008328                RCC_IRQHandler
                0x0000000008008328                TIM8_BRK_TIM12_IRQHandler
                0x0000000008008328                Default_Handler
                0x0000000008008328                EXTI15_10_IRQHandler
                0x0000000008008328                ADC_IRQHandler
                0x0000000008008328                DMA1_Stream7_IRQHandler
                0x0000000008008328                TIM7_IRQHandler
                0x0000000008008328                CAN2_TX_IRQHandler
                0x0000000008008328                TIM5_IRQHandler
                0x0000000008008328                DMA2_Stream7_IRQHandler
                0x0000000008008328                I2C3_EV_IRQHandler
                0x0000000008008328                EXTI9_5_IRQHandler
                0x0000000008008328                RTC_WKUP_IRQHandler
                0x0000000008008328                ETH_WKUP_IRQHandler
                0x0000000008008328                SPI2_IRQHandler
                0x0000000008008328                OTG_HS_EP1_IN_IRQHandler
                0x0000000008008328                MemManage_Handler
                0x0000000008008328                DMA1_Stream0_IRQHandler
                0x0000000008008328                CAN1_TX_IRQHandler
                0x0000000008008328                SVC_Handler
                0x0000000008008328                EXTI4_IRQHandler
                0x0000000008008328                FSMC_IRQHandler
                0x0000000008008328                ETH_IRQHandler
                0x0000000008008328                OTG_HS_EP1_OUT_IRQHandler
                0x0000000008008328                WWDG_IRQHandler
                0x0000000008008328                TIM2_IRQHandler
                0x0000000008008328                OTG_FS_WKUP_IRQHandler
                0x0000000008008328                TIM1_TRG_COM_TIM11_IRQHandler
                0x0000000008008328                OTG_HS_IRQHandler
                0x0000000008008328                EXTI1_IRQHandler
                0x0000000008008328                USART2_IRQHandler
                0x0000000008008328                I2C2_ER_IRQHandler
                0x0000000008008328                DMA2_Stream1_IRQHandler
                0x0000000008008328                CAN1_SCE_IRQHandler
                0x0000000008008328                DMA2_Stream4_IRQHandler
                0x0000000008008328                BusFault_Handler
                0x0000000008008328                USART1_IRQHandler
                0x0000000008008328                OTG_FS_IRQHandler
                0x0000000008008328                SPI3_IRQHandler
                0x0000000008008328                DMA1_Stream4_IRQHandler
                0x0000000008008328                I2C1_ER_IRQHandler
                0x0000000008008328                DMA2_Stream6_IRQHandler
                0x0000000008008328                DMA1_Stream3_IRQHandler
 *fill*         0x000000000800832a        0x2 
 .text.__libc_init_array
                0x000000000800832c       0x48 /opt/gcc-arm-none-eabi-10.3-2021.10/bin/../lib/gcc/arm-none-eabi/10.3.1/../../../../arm-none-eabi/lib/thumb/v7e-m+fp/hard/libc_nano.a(lib_a-init.o)
                0x000000000800832c                __libc_init_array
 *(.glue_7)
 .glue_7        0x0000000008008374        0x0 linker stubs
 *(.glue_7t)
 .glue_7t       0x0000000008008374        0x0 linker stubs
 *(.eh_frame)
 .eh_frame      0x0000000008008374        0x0 /opt/gcc-arm-none-eabi-10.3-2021.10/bin/../lib/gcc/arm-none-eabi/10.3.1/thumb/v7e-m+fp/hard/crtbegin.o
 *(.init)
 .init          0x0000000008008374        0x4 /opt/gcc-arm-none-eabi-10.3-2021.10/bin/../lib/gcc/arm-none-eabi/10.3.1/thumb/v7e-m+fp/hard/crti.o
                0x0000000008008374                _init
 .init          0x0000000008008378        0x8 /opt/gcc-arm-none-eabi-10.3-2021.10/bin/../lib/gcc/arm-none-eabi/10.3.1/thumb/v7e-m+fp/hard/crtn.o
 *(.fini)
 .fini          0x0000000008008380        0x4 /opt/gcc-arm-none-eabi-10.3-2021.10/bin/../lib/gcc/arm-none-eabi/10.3.1/thumb/v7e-m+fp/hard/crti.o
                0x0000000008008380                _fini
 .fini          0x0000000008008384        0x8 /opt/gcc-arm-none-eabi-10.3-2021.10/bin/../lib/gcc/arm-none-eabi/10.3.1/thumb/v7e-m+fp/hard/crtn.o
                0x000000000800838c                . = ALIGN (0x4)
                0x000000000800838c                _etext = .

.vfp11_veneer   0x000000000800838c        0x0
 .vfp11_veneer  0x000000000800838c        0x0 linker stubs

.v4_bx          0x000000000800838c        0x0
 .v4_bx         0x000000000800838c        0x0 linker stubs

.iplt           0x000000000800838c        0x0
 .iplt          0x000000000800838c        0x0 /opt/gcc-arm-none-eabi-10.3-2021.10/bin/../lib/gcc/arm-none-eabi/10.3.1/thumb/v7e-m+fp/hard/crtbegin.o

.rel.dyn        0x000000000800838c        0x0
 .rel.iplt      0x000000000800838c        0x0 /opt/gcc-arm-none-eabi-10.3-2021.10/bin/../lib/gcc/arm-none-eabi/10.3.1/thumb/v7e-m+fp/hard/crtbegin.o

.rodata         0x000000000800838c        0x0
                0x000000000800838c                . = ALIGN (0x4)
 *(.rodata)
 *(.rodata*)
                0x000000000800838c                . = ALIGN (0x4)

.ARM.extab      0x000000000800838c        0x0
                0x000000000800838c                . = ALIGN (0x4)
 *(.ARM.extab* .gnu.linkonce.armextab.*)
                0x000000000800838c                . = ALIGN (0x4)

.ARM            0x000000000800838c        0x0
                0x000000000800838c                . = ALIGN (0x4)
                0x000000000800838c                __exidx_start = .
 *(.ARM.exidx*)
                0x000000000800838c                __exidx_end = .
                0x000000000800838c                . = ALIGN (0x4)

.preinit_array  0x000000000800838c        0x0
                0x000000000800838c                . = ALIGN (0x4)
                0x000000000800838c                PROVIDE (__preinit_array_start = .)
 *(.preinit_array*)
                0x000000000800838c                PROVIDE (__preinit_array_end = .)
                0x000000000800838c                . = ALIGN (0x4)

.init_array     0x000000000800838c        0x4
                0x000000000800838c                . = ALIGN (0x4)
                0x000000000800838c                PROVIDE (__init_array_start = .)
 *(SORT_BY_NAME(.init_array.*))
 *(.init_array*)
 .init_array    0x000000000800838c        0x4 /opt/gcc-arm-none-eabi-10.3-2021.10/bin/../lib/gcc/arm-none-eabi/10.3.1/thumb/v7e-m+fp/hard/crtbegin.o
                0x0000000008008390                PROVIDE (__init_array_end = .)
                0x0000000008008390                . = ALIGN (0x4)

.fini_array     0x0000000008008390        0x4
                0x0000000008008390                . = ALIGN (0x4)
                [!provide]                        PROVIDE (__fini_array_start = .)
 *(SORT_BY_NAME(.fini_array.*))
 *(.fini_array*)
 .fini_array    0x0000000008008390        0x4 /opt/gcc-arm-none-eabi-10.3-2021.10/bin/../lib/gcc/arm-none-eabi/10.3.1/thumb/v7e-m+fp/hard/crtbegin.o
                [!provide]                        PROVIDE (__fini_array_end = .)
                0x0000000008008394                . = ALIGN (0x4)
                0x0000000008008394                _sidata = LOADADDR (.data)

.data           0x0000000020000000        0x0 load address 0x0000000008008394
                0x0000000020000000                . = ALIGN (0x4)
                0x0000000020000000                _sdata = .
 *(.data)
 *(.data*)
 *(.RamFunc)
 *(.RamFunc*)
                0x0000000020000000                . = ALIGN (0x4)
                0x0000000020000000                _edata = .
                0x0000000008008394                _siccmram = LOADADDR (.ccmram)

.igot.plt       0x0000000020000000        0x0 load address 0x0000000008008394
 .igot.plt      0x0000000020000000        0x0 /opt/gcc-arm-none-eabi-10.3-2021.10/bin/../lib/gcc/arm-none-eabi/10.3.1/thumb/v7e-m+fp/hard/crtbegin.o

.ccmram         0x0000000010000000        0x0 load address 0x0000000008008394
                0x0000000010000000                . = ALIGN (0x4)
                0x0000000010000000                _sccmram = .
 *(.ccmram)
 *(.ccmram*)
                0x0000000010000000                . = ALIGN (0x4)
                0x0000000010000000                _eccmram = .
                0x0000000010000000                . = ALIGN (0x4)

.bss            0x0000000020000000       0x1c
                0x0000000020000000                _sbss = .
                0x0000000020000000                __bss_start__ = _sbss
 *(.bss)
 .bss           0x0000000020000000       0x1c /opt/gcc-arm-none-eabi-10.3-2021.10/bin/../lib/gcc/arm-none-eabi/10.3.1/thumb/v7e-m+fp/hard/crtbegin.o
 *(.bss*)
 *(COMMON)
                0x000000002000001c                . = ALIGN (0x4)
                0x000000002000001c                _ebss = .
                0x000000002000001c                __bss_end__ = _ebss

._user_heap_stack
                0x000000002000001c      0x604
                0x0000000020000020                . = ALIGN (0x8)
 *fill*         0x000000002000001c        0x4 
                [!provide]                        PROVIDE (end = .)
                0x0000000020000020                PROVIDE (_end = .)
                0x0000000020000220                . = (. + _Min_Heap_Size)
 *fill*         0x0000000020000020      0x200 
                0x0000000020000620                . = (. + _Min_Stack_Size)
 *fill*         0x0000000020000220      0x400 
                0x0000000020000620                . = ALIGN (0x8)

/DISCARD/
 libc.a(*)
 libm.a(*)
 libgcc.a(*)

.ARM.attributes
                0x0000000000000000       0x30
 *(.ARM.attributes)
 .ARM.attributes
                0x0000000000000000       0x1e /opt/gcc-arm-none-eabi-10.3-2021.10/bin/../lib/gcc/arm-none-eabi/10.3.1/thumb/v7e-m+fp/hard/crti.o
 .ARM.attributes
                0x000000000000001e       0x34 /opt/gcc-arm-none-eabi-10.3-2021.10/bin/../lib/gcc/arm-none-eabi/10.3.1/thumb/v7e-m+fp/hard/crtbegin.o
 .ARM.attributes
                0x0000000000000052       0x34 Build/main.o
 .ARM.attributes
                0x0000000000000086       0x34 Build/led.o
 .ARM.attributes
                0x00000000000000ba       0x21 Build/startup_stm32f401vgtx.o
 .ARM.attributes
                0x00000000000000db       0x34 /opt/gcc-arm-none-eabi-10.3-2021.10/bin/../lib/gcc/arm-none-eabi/10.3.1/../../../../arm-none-eabi/lib/thumb/v7e-m+fp/hard/libc_nano.a(lib_a-init.o)
 .ARM.attributes
                0x000000000000010f       0x1e /opt/gcc-arm-none-eabi-10.3-2021.10/bin/../lib/gcc/arm-none-eabi/10.3.1/thumb/v7e-m+fp/hard/crtn.o
OUTPUT(App.elf elf32-littlearm)
LOAD linker stubs
LOAD /opt/gcc-arm-none-eabi-10.3-2021.10/bin/../lib/gcc/arm-none-eabi/10.3.1/../../../../arm-none-eabi/lib/thumb/v7e-m+fp/hard/libc.a
LOAD /opt/gcc-arm-none-eabi-10.3-2021.10/bin/../lib/gcc/arm-none-eabi/10.3.1/../../../../arm-none-eabi/lib/thumb/v7e-m+fp/hard/libm.a
LOAD /opt/gcc-arm-none-eabi-10.3-2021.10/bin/../lib/gcc/arm-none-eabi/10.3.1/thumb/v7e-m+fp/hard/libgcc.a

.debug_info     0x0000000000000000      0x635
 .debug_info    0x0000000000000000      0x2c8 Build/main.o
 .debug_info    0x00000000000002c8      0x34b Build/led.o
 .debug_info    0x0000000000000613       0x22 Build/startup_stm32f401vgtx.o

.debug_abbrev   0x0000000000000000      0x1d6
 .debug_abbrev  0x0000000000000000      0x117 Build/main.o
 .debug_abbrev  0x0000000000000117       0xad Build/led.o
 .debug_abbrev  0x00000000000001c4       0x12 Build/startup_stm32f401vgtx.o

.debug_aranges  0x0000000000000000       0x90
 .debug_aranges
                0x0000000000000000       0x30 Build/main.o
 .debug_aranges
                0x0000000000000030       0x38 Build/led.o
 .debug_aranges
                0x0000000000000068       0x28 Build/startup_stm32f401vgtx.o

.debug_ranges   0x0000000000000000       0x68
 .debug_ranges  0x0000000000000000       0x20 Build/main.o
 .debug_ranges  0x0000000000000020       0x28 Build/led.o
 .debug_ranges  0x0000000000000048       0x20 Build/startup_stm32f401vgtx.o

.debug_macro    0x0000000000000000    0x1818f
 .debug_macro   0x0000000000000000       0xd5 Build/main.o
 .debug_macro   0x00000000000000d5      0xa84 Build/main.o
 .debug_macro   0x0000000000000b59       0x2f Build/main.o
 .debug_macro   0x0000000000000b88       0x22 Build/main.o
 .debug_macro   0x0000000000000baa       0x8e Build/main.o
 .debug_macro   0x0000000000000c38       0x51 Build/main.o
 .debug_macro   0x0000000000000c89      0x103 Build/main.o
 .debug_macro   0x0000000000000d8c       0x6a Build/main.o
 .debug_macro   0x0000000000000df6      0x1df Build/main.o
 .debug_macro   0x0000000000000fd5       0x1c Build/main.o
 .debug_macro   0x0000000000000ff1       0x22 Build/main.o
 .debug_macro   0x0000000000001013       0xd9 Build/main.o
 .debug_macro   0x00000000000010ec     0x102d Build/main.o
 .debug_macro   0x0000000000002119      0x11f Build/main.o
 .debug_macro   0x0000000000002238    0x15e82 Build/main.o
 .debug_macro   0x00000000000180ba       0xd5 Build/led.o

.debug_line     0x0000000000000000      0x5e2
 .debug_line    0x0000000000000000      0x2b3 Build/main.o
 .debug_line    0x00000000000002b3      0x2a5 Build/led.o
 .debug_line    0x0000000000000558       0x8a Build/startup_stm32f401vgtx.o

.debug_str      0x0000000000000000    0x879a4
 .debug_str     0x0000000000000000    0x877fc Build/main.o
                                      0x87968 (size before relaxing)
 .debug_str     0x00000000000877fc      0x171 Build/led.o
                                      0x87a09 (size before relaxing)
 .debug_str     0x000000000008796d       0x37 Build/startup_stm32f401vgtx.o
                                         0x85 (size before relaxing)

.comment        0x0000000000000000       0x49
 .comment       0x0000000000000000       0x49 Build/main.o
                                         0x4a (size before relaxing)
 .comment       0x0000000000000049       0x4a Build/led.o

.debug_frame    0x0000000000000000      0x134
 .debug_frame   0x0000000000000000       0x78 Build/main.o
 .debug_frame   0x0000000000000078       0x90 Build/led.o
 .debug_frame   0x0000000000000108       0x2c /opt/gcc-arm-none-eabi-10.3-2021.10/bin/../lib/gcc/arm-none-eabi/10.3.1/../../../../arm-none-eabi/lib/thumb/v7e-m+fp/hard/libc_nano.a(lib_a-init.o)
