Archive member included to satisfy reference by file (symbol)

/opt/gcc-arm-none-eabi-10.3-2021.10/bin/../lib/gcc/arm-none-eabi/10.3.1/../../../../arm-none-eabi/lib/thumb/v7e-m+fp/hard/libc_nano.a(lib_a-errno.o)
                              Build/syscalls.o (__errno)
/opt/gcc-arm-none-eabi-10.3-2021.10/bin/../lib/gcc/arm-none-eabi/10.3.1/../../../../arm-none-eabi/lib/thumb/v7e-m+fp/hard/libc_nano.a(lib_a-exit.o)
                              /opt/gcc-arm-none-eabi-10.3-2021.10/bin/../lib/gcc/arm-none-eabi/10.3.1/../../../../arm-none-eabi/lib/thumb/v7e-m+fp/hard/crt0.o (exit)
/opt/gcc-arm-none-eabi-10.3-2021.10/bin/../lib/gcc/arm-none-eabi/10.3.1/../../../../arm-none-eabi/lib/thumb/v7e-m+fp/hard/libc_nano.a(lib_a-impure.o)
                              /opt/gcc-arm-none-eabi-10.3-2021.10/bin/../lib/gcc/arm-none-eabi/10.3.1/../../../../arm-none-eabi/lib/thumb/v7e-m+fp/hard/libc_nano.a(lib_a-exit.o) (_global_impure_ptr)
/opt/gcc-arm-none-eabi-10.3-2021.10/bin/../lib/gcc/arm-none-eabi/10.3.1/../../../../arm-none-eabi/lib/thumb/v7e-m+fp/hard/libc_nano.a(lib_a-init.o)
                              /opt/gcc-arm-none-eabi-10.3-2021.10/bin/../lib/gcc/arm-none-eabi/10.3.1/../../../../arm-none-eabi/lib/thumb/v7e-m+fp/hard/crt0.o (__libc_init_array)
/opt/gcc-arm-none-eabi-10.3-2021.10/bin/../lib/gcc/arm-none-eabi/10.3.1/../../../../arm-none-eabi/lib/thumb/v7e-m+fp/hard/libc_nano.a(lib_a-memset.o)
                              /opt/gcc-arm-none-eabi-10.3-2021.10/bin/../lib/gcc/arm-none-eabi/10.3.1/../../../../arm-none-eabi/lib/thumb/v7e-m+fp/hard/crt0.o (memset)

Discarded input sections

 .text          0x0000000000000000        0x0 /opt/gcc-arm-none-eabi-10.3-2021.10/bin/../lib/gcc/arm-none-eabi/10.3.1/thumb/v7e-m+fp/hard/crti.o
 .data          0x0000000000000000        0x0 /opt/gcc-arm-none-eabi-10.3-2021.10/bin/../lib/gcc/arm-none-eabi/10.3.1/thumb/v7e-m+fp/hard/crti.o
 .bss           0x0000000000000000        0x0 /opt/gcc-arm-none-eabi-10.3-2021.10/bin/../lib/gcc/arm-none-eabi/10.3.1/thumb/v7e-m+fp/hard/crti.o
 .data          0x0000000000000000        0x4 /opt/gcc-arm-none-eabi-10.3-2021.10/bin/../lib/gcc/arm-none-eabi/10.3.1/thumb/v7e-m+fp/hard/crtbegin.o
 .rodata        0x0000000000000000       0x24 /opt/gcc-arm-none-eabi-10.3-2021.10/bin/../lib/gcc/arm-none-eabi/10.3.1/thumb/v7e-m+fp/hard/crtbegin.o
 .text          0x0000000000000000       0x7c /opt/gcc-arm-none-eabi-10.3-2021.10/bin/../lib/gcc/arm-none-eabi/10.3.1/../../../../arm-none-eabi/lib/thumb/v7e-m+fp/hard/crt0.o
 .data          0x0000000000000000        0x0 /opt/gcc-arm-none-eabi-10.3-2021.10/bin/../lib/gcc/arm-none-eabi/10.3.1/../../../../arm-none-eabi/lib/thumb/v7e-m+fp/hard/crt0.o
 .bss           0x0000000000000000        0x0 /opt/gcc-arm-none-eabi-10.3-2021.10/bin/../lib/gcc/arm-none-eabi/10.3.1/../../../../arm-none-eabi/lib/thumb/v7e-m+fp/hard/crt0.o
 .ARM.extab     0x0000000000000000        0x0 /opt/gcc-arm-none-eabi-10.3-2021.10/bin/../lib/gcc/arm-none-eabi/10.3.1/../../../../arm-none-eabi/lib/thumb/v7e-m+fp/hard/crt0.o
 .ARM.exidx     0x0000000000000000       0x10 /opt/gcc-arm-none-eabi-10.3-2021.10/bin/../lib/gcc/arm-none-eabi/10.3.1/../../../../arm-none-eabi/lib/thumb/v7e-m+fp/hard/crt0.o
 .ARM.attributes
                0x0000000000000000       0x1c /opt/gcc-arm-none-eabi-10.3-2021.10/bin/../lib/gcc/arm-none-eabi/10.3.1/../../../../arm-none-eabi/lib/thumb/v7e-m+fp/hard/crt0.o
 .group         0x0000000000000000        0xc Build/bootloader.o
 .group         0x0000000000000000        0xc Build/bootloader.o
 .group         0x0000000000000000        0xc Build/bootloader.o
 .group         0x0000000000000000        0xc Build/bootloader.o
 .group         0x0000000000000000        0xc Build/bootloader.o
 .group         0x0000000000000000        0xc Build/bootloader.o
 .group         0x0000000000000000        0xc Build/bootloader.o
 .group         0x0000000000000000        0xc Build/bootloader.o
 .group         0x0000000000000000        0xc Build/bootloader.o
 .group         0x0000000000000000        0xc Build/bootloader.o
 .group         0x0000000000000000        0xc Build/bootloader.o
 .group         0x0000000000000000        0xc Build/bootloader.o
 .group         0x0000000000000000        0xc Build/bootloader.o
 .group         0x0000000000000000        0xc Build/bootloader.o
 .text          0x0000000000000000        0x0 Build/bootloader.o
 .data          0x0000000000000000        0x0 Build/bootloader.o
 .bss           0x0000000000000000        0x0 Build/bootloader.o
 .text.do_somthing
                0x0000000000000000       0x20 Build/bootloader.o
 .group         0x0000000000000000        0xc Build/led.o
 .group         0x0000000000000000        0xc Build/led.o
 .group         0x0000000000000000        0xc Build/led.o
 .group         0x0000000000000000        0xc Build/led.o
 .group         0x0000000000000000        0xc Build/led.o
 .group         0x0000000000000000        0xc Build/led.o
 .group         0x0000000000000000        0xc Build/led.o
 .group         0x0000000000000000        0xc Build/led.o
 .group         0x0000000000000000        0xc Build/led.o
 .group         0x0000000000000000        0xc Build/led.o
 .group         0x0000000000000000        0xc Build/led.o
 .group         0x0000000000000000        0xc Build/led.o
 .group         0x0000000000000000        0xc Build/led.o
 .group         0x0000000000000000        0xc Build/led.o
 .text          0x0000000000000000        0x0 Build/led.o
 .data          0x0000000000000000        0x0 Build/led.o
 .bss           0x0000000000000000        0x0 Build/led.o
 .text.Toggle_led
                0x0000000000000000       0x20 Build/led.o
 .text.TurOff_led
                0x0000000000000000       0x20 Build/led.o
 .debug_macro   0x0000000000000000      0xa84 Build/led.o
 .debug_macro   0x0000000000000000       0x2f Build/led.o
 .debug_macro   0x0000000000000000       0x22 Build/led.o
 .debug_macro   0x0000000000000000       0x8e Build/led.o
 .debug_macro   0x0000000000000000       0x51 Build/led.o
 .debug_macro   0x0000000000000000      0x103 Build/led.o
 .debug_macro   0x0000000000000000       0x6a Build/led.o
 .debug_macro   0x0000000000000000      0x1df Build/led.o
 .debug_macro   0x0000000000000000       0x1c Build/led.o
 .debug_macro   0x0000000000000000       0x22 Build/led.o
 .debug_macro   0x0000000000000000       0xd9 Build/led.o
 .debug_macro   0x0000000000000000     0x102d Build/led.o
 .debug_macro   0x0000000000000000      0x11f Build/led.o
 .debug_macro   0x0000000000000000    0x15e82 Build/led.o
 .group         0x0000000000000000        0xc Build/syscalls.o
 .group         0x0000000000000000        0xc Build/syscalls.o
 .group         0x0000000000000000        0xc Build/syscalls.o
 .group         0x0000000000000000        0xc Build/syscalls.o
 .group         0x0000000000000000        0xc Build/syscalls.o
 .group         0x0000000000000000        0xc Build/syscalls.o
 .group         0x0000000000000000        0xc Build/syscalls.o
 .group         0x0000000000000000        0xc Build/syscalls.o
 .group         0x0000000000000000        0xc Build/syscalls.o
 .group         0x0000000000000000        0xc Build/syscalls.o
 .group         0x0000000000000000        0xc Build/syscalls.o
 .group         0x0000000000000000        0xc Build/syscalls.o
 .group         0x0000000000000000        0xc Build/syscalls.o
 .group         0x0000000000000000        0xc Build/syscalls.o
 .group         0x0000000000000000        0xc Build/syscalls.o
 .group         0x0000000000000000        0xc Build/syscalls.o
 .group         0x0000000000000000        0xc Build/syscalls.o
 .group         0x0000000000000000        0xc Build/syscalls.o
 .group         0x0000000000000000        0xc Build/syscalls.o
 .group         0x0000000000000000        0xc Build/syscalls.o
 .group         0x0000000000000000        0xc Build/syscalls.o
 .group         0x0000000000000000        0xc Build/syscalls.o
 .group         0x0000000000000000        0xc Build/syscalls.o
 .group         0x0000000000000000        0xc Build/syscalls.o
 .group         0x0000000000000000        0xc Build/syscalls.o
 .group         0x0000000000000000        0xc Build/syscalls.o
 .group         0x0000000000000000        0xc Build/syscalls.o
 .group         0x0000000000000000        0xc Build/syscalls.o
 .group         0x0000000000000000        0xc Build/syscalls.o
 .group         0x0000000000000000        0xc Build/syscalls.o
 .group         0x0000000000000000        0xc Build/syscalls.o
 .group         0x0000000000000000        0xc Build/syscalls.o
 .group         0x0000000000000000        0xc Build/syscalls.o
 .group         0x0000000000000000        0xc Build/syscalls.o
 .group         0x0000000000000000        0xc Build/syscalls.o
 .group         0x0000000000000000        0xc Build/syscalls.o
 .group         0x0000000000000000        0xc Build/syscalls.o
 .group         0x0000000000000000        0xc Build/syscalls.o
 .group         0x0000000000000000        0xc Build/syscalls.o
 .group         0x0000000000000000        0xc Build/syscalls.o
 .group         0x0000000000000000        0xc Build/syscalls.o
 .group         0x0000000000000000        0xc Build/syscalls.o
 .group         0x0000000000000000        0xc Build/syscalls.o
 .group         0x0000000000000000        0xc Build/syscalls.o
 .group         0x0000000000000000        0xc Build/syscalls.o
 .group         0x0000000000000000        0xc Build/syscalls.o
 .group         0x0000000000000000        0xc Build/syscalls.o
 .text          0x0000000000000000        0x0 Build/syscalls.o
 .data          0x0000000000000000        0x0 Build/syscalls.o
 .bss           0x0000000000000000        0x0 Build/syscalls.o
 .bss.__env     0x0000000000000000        0x4 Build/syscalls.o
 .data.environ  0x0000000000000000        0x4 Build/syscalls.o
 .text.initialise_monitor_handles
                0x0000000000000000        0xe Build/syscalls.o
 .text._getpid  0x0000000000000000       0x10 Build/syscalls.o
 .text._kill    0x0000000000000000       0x20 Build/syscalls.o
 .text._exit    0x0000000000000000       0x14 Build/syscalls.o
 .text._read    0x0000000000000000       0x3a Build/syscalls.o
 .text._write   0x0000000000000000       0x38 Build/syscalls.o
 .text._close   0x0000000000000000       0x18 Build/syscalls.o
 .text._fstat   0x0000000000000000       0x20 Build/syscalls.o
 .text._isatty  0x0000000000000000       0x16 Build/syscalls.o
 .text._lseek   0x0000000000000000       0x1a Build/syscalls.o
 .text._open    0x0000000000000000       0x1c Build/syscalls.o
 .text._wait    0x0000000000000000       0x1e Build/syscalls.o
 .text._unlink  0x0000000000000000       0x1e Build/syscalls.o
 .text._times   0x0000000000000000       0x18 Build/syscalls.o
 .text._stat    0x0000000000000000       0x20 Build/syscalls.o
 .text._link    0x0000000000000000       0x20 Build/syscalls.o
 .text._fork    0x0000000000000000       0x16 Build/syscalls.o
 .text._execve  0x0000000000000000       0x22 Build/syscalls.o
 .debug_info    0x0000000000000000      0x6b2 Build/syscalls.o
 .debug_abbrev  0x0000000000000000      0x180 Build/syscalls.o
 .debug_aranges
                0x0000000000000000       0xa8 Build/syscalls.o
 .debug_ranges  0x0000000000000000       0x98 Build/syscalls.o
 .debug_macro   0x0000000000000000      0x24c Build/syscalls.o
 .debug_macro   0x0000000000000000      0xa84 Build/syscalls.o
 .debug_macro   0x0000000000000000       0x22 Build/syscalls.o
 .debug_macro   0x0000000000000000       0x4c Build/syscalls.o
 .debug_macro   0x0000000000000000       0x1e Build/syscalls.o
 .debug_macro   0x0000000000000000       0x94 Build/syscalls.o
 .debug_macro   0x0000000000000000       0x3c Build/syscalls.o
 .debug_macro   0x0000000000000000       0x34 Build/syscalls.o
 .debug_macro   0x0000000000000000       0x57 Build/syscalls.o
 .debug_macro   0x0000000000000000      0x174 Build/syscalls.o
 .debug_macro   0x0000000000000000      0x341 Build/syscalls.o
 .debug_macro   0x0000000000000000       0x16 Build/syscalls.o
 .debug_macro   0x0000000000000000       0x43 Build/syscalls.o
 .debug_macro   0x0000000000000000       0x34 Build/syscalls.o
 .debug_macro   0x0000000000000000       0x10 Build/syscalls.o
 .debug_macro   0x0000000000000000       0x58 Build/syscalls.o
 .debug_macro   0x0000000000000000       0x71 Build/syscalls.o
 .debug_macro   0x0000000000000000       0x1c Build/syscalls.o
 .debug_macro   0x0000000000000000      0x12a Build/syscalls.o
 .debug_macro   0x0000000000000000       0x10 Build/syscalls.o
 .debug_macro   0x0000000000000000       0x35 Build/syscalls.o
 .debug_macro   0x0000000000000000       0x10 Build/syscalls.o
 .debug_macro   0x0000000000000000       0x10 Build/syscalls.o
 .debug_macro   0x0000000000000000       0x10 Build/syscalls.o
 .debug_macro   0x0000000000000000       0x6a Build/syscalls.o
 .debug_macro   0x0000000000000000       0x1c Build/syscalls.o
 .debug_macro   0x0000000000000000       0x52 Build/syscalls.o
 .debug_macro   0x0000000000000000       0x22 Build/syscalls.o
 .debug_macro   0x0000000000000000       0x10 Build/syscalls.o
 .debug_macro   0x0000000000000000       0x52 Build/syscalls.o
 .debug_macro   0x0000000000000000       0xd5 Build/syscalls.o
 .debug_macro   0x0000000000000000       0x1c Build/syscalls.o
 .debug_macro   0x0000000000000000       0x3d Build/syscalls.o
 .debug_macro   0x0000000000000000       0x35 Build/syscalls.o
 .debug_macro   0x0000000000000000      0x12c Build/syscalls.o
 .debug_macro   0x0000000000000000       0x16 Build/syscalls.o
 .debug_macro   0x0000000000000000       0x16 Build/syscalls.o
 .debug_macro   0x0000000000000000       0x29 Build/syscalls.o
 .debug_macro   0x0000000000000000       0x10 Build/syscalls.o
 .debug_macro   0x0000000000000000      0x241 Build/syscalls.o
 .debug_macro   0x0000000000000000       0x1c Build/syscalls.o
 .debug_macro   0x0000000000000000       0x10 Build/syscalls.o
 .debug_macro   0x0000000000000000       0x10 Build/syscalls.o
 .debug_macro   0x0000000000000000       0x16 Build/syscalls.o
 .debug_macro   0x0000000000000000      0x145 Build/syscalls.o
 .debug_macro   0x0000000000000000      0x189 Build/syscalls.o
 .debug_macro   0x0000000000000000       0x16 Build/syscalls.o
 .debug_macro   0x0000000000000000       0xce Build/syscalls.o
 .debug_line    0x0000000000000000      0x5b2 Build/syscalls.o
 .debug_str     0x0000000000000000     0x8a72 Build/syscalls.o
 .comment       0x0000000000000000       0x4a Build/syscalls.o
 .debug_frame   0x0000000000000000      0x2ac Build/syscalls.o
 .ARM.attributes
                0x0000000000000000       0x34 Build/syscalls.o
 .group         0x0000000000000000        0xc Build/sysmem.o
 .group         0x0000000000000000        0xc Build/sysmem.o
 .group         0x0000000000000000        0xc Build/sysmem.o
 .group         0x0000000000000000        0xc Build/sysmem.o
 .group         0x0000000000000000        0xc Build/sysmem.o
 .group         0x0000000000000000        0xc Build/sysmem.o
 .group         0x0000000000000000        0xc Build/sysmem.o
 .group         0x0000000000000000        0xc Build/sysmem.o
 .group         0x0000000000000000        0xc Build/sysmem.o
 .group         0x0000000000000000        0xc Build/sysmem.o
 .group         0x0000000000000000        0xc Build/sysmem.o
 .group         0x0000000000000000        0xc Build/sysmem.o
 .group         0x0000000000000000        0xc Build/sysmem.o
 .group         0x0000000000000000        0xc Build/sysmem.o
 .group         0x0000000000000000        0xc Build/sysmem.o
 .group         0x0000000000000000        0xc Build/sysmem.o
 .group         0x0000000000000000        0xc Build/sysmem.o
 .group         0x0000000000000000        0xc Build/sysmem.o
 .group         0x0000000000000000        0xc Build/sysmem.o
 .group         0x0000000000000000        0xc Build/sysmem.o
 .group         0x0000000000000000        0xc Build/sysmem.o
 .group         0x0000000000000000        0xc Build/sysmem.o
 .text          0x0000000000000000        0x0 Build/sysmem.o
 .data          0x0000000000000000        0x0 Build/sysmem.o
 .bss           0x0000000000000000        0x0 Build/sysmem.o
 .bss.__sbrk_heap_end
                0x0000000000000000        0x4 Build/sysmem.o
 .text._sbrk    0x0000000000000000       0x6c Build/sysmem.o
 .debug_info    0x0000000000000000      0x15f Build/sysmem.o
 .debug_abbrev  0x0000000000000000       0xa6 Build/sysmem.o
 .debug_aranges
                0x0000000000000000       0x20 Build/sysmem.o
 .debug_ranges  0x0000000000000000       0x10 Build/sysmem.o
 .debug_macro   0x0000000000000000       0xff Build/sysmem.o
 .debug_macro   0x0000000000000000      0xa84 Build/sysmem.o
 .debug_macro   0x0000000000000000       0x10 Build/sysmem.o
 .debug_macro   0x0000000000000000       0x22 Build/sysmem.o
 .debug_macro   0x0000000000000000       0x4c Build/sysmem.o
 .debug_macro   0x0000000000000000       0x1e Build/sysmem.o
 .debug_macro   0x0000000000000000       0x94 Build/sysmem.o
 .debug_macro   0x0000000000000000       0x3c Build/sysmem.o
 .debug_macro   0x0000000000000000       0x34 Build/sysmem.o
 .debug_macro   0x0000000000000000      0x174 Build/sysmem.o
 .debug_macro   0x0000000000000000       0x16 Build/sysmem.o
 .debug_macro   0x0000000000000000       0x43 Build/sysmem.o
 .debug_macro   0x0000000000000000       0x57 Build/sysmem.o
 .debug_macro   0x0000000000000000       0x34 Build/sysmem.o
 .debug_macro   0x0000000000000000       0x10 Build/sysmem.o
 .debug_macro   0x0000000000000000       0x58 Build/sysmem.o
 .debug_macro   0x0000000000000000       0x71 Build/sysmem.o
 .debug_macro   0x0000000000000000       0x1c Build/sysmem.o
 .debug_macro   0x0000000000000000      0x12a Build/sysmem.o
 .debug_macro   0x0000000000000000      0x23b Build/sysmem.o
 .debug_macro   0x0000000000000000      0x103 Build/sysmem.o
 .debug_macro   0x0000000000000000       0x6a Build/sysmem.o
 .debug_macro   0x0000000000000000      0x1df Build/sysmem.o
 .debug_line    0x0000000000000000      0x2a8 Build/sysmem.o
 .debug_str     0x0000000000000000     0x5dc8 Build/sysmem.o
 .comment       0x0000000000000000       0x4a Build/sysmem.o
 .debug_frame   0x0000000000000000       0x34 Build/sysmem.o
 .ARM.attributes
                0x0000000000000000       0x34 Build/sysmem.o
 .text          0x0000000000000000       0x14 Build/startup_stm32f401vgtx.o
 .data          0x0000000000000000        0x0 Build/startup_stm32f401vgtx.o
 .bss           0x0000000000000000        0x0 Build/startup_stm32f401vgtx.o
 .text          0x0000000000000000        0x0 /opt/gcc-arm-none-eabi-10.3-2021.10/bin/../lib/gcc/arm-none-eabi/10.3.1/../../../../arm-none-eabi/lib/thumb/v7e-m+fp/hard/libc_nano.a(lib_a-errno.o)
 .data          0x0000000000000000        0x0 /opt/gcc-arm-none-eabi-10.3-2021.10/bin/../lib/gcc/arm-none-eabi/10.3.1/../../../../arm-none-eabi/lib/thumb/v7e-m+fp/hard/libc_nano.a(lib_a-errno.o)
 .bss           0x0000000000000000        0x0 /opt/gcc-arm-none-eabi-10.3-2021.10/bin/../lib/gcc/arm-none-eabi/10.3.1/../../../../arm-none-eabi/lib/thumb/v7e-m+fp/hard/libc_nano.a(lib_a-errno.o)
 .text.__errno  0x0000000000000000        0xc /opt/gcc-arm-none-eabi-10.3-2021.10/bin/../lib/gcc/arm-none-eabi/10.3.1/../../../../arm-none-eabi/lib/thumb/v7e-m+fp/hard/libc_nano.a(lib_a-errno.o)
 .debug_frame   0x0000000000000000       0x20 /opt/gcc-arm-none-eabi-10.3-2021.10/bin/../lib/gcc/arm-none-eabi/10.3.1/../../../../arm-none-eabi/lib/thumb/v7e-m+fp/hard/libc_nano.a(lib_a-errno.o)
 .ARM.attributes
                0x0000000000000000       0x34 /opt/gcc-arm-none-eabi-10.3-2021.10/bin/../lib/gcc/arm-none-eabi/10.3.1/../../../../arm-none-eabi/lib/thumb/v7e-m+fp/hard/libc_nano.a(lib_a-errno.o)
 .text          0x0000000000000000        0x0 /opt/gcc-arm-none-eabi-10.3-2021.10/bin/../lib/gcc/arm-none-eabi/10.3.1/../../../../arm-none-eabi/lib/thumb/v7e-m+fp/hard/libc_nano.a(lib_a-exit.o)
 .data          0x0000000000000000        0x0 /opt/gcc-arm-none-eabi-10.3-2021.10/bin/../lib/gcc/arm-none-eabi/10.3.1/../../../../arm-none-eabi/lib/thumb/v7e-m+fp/hard/libc_nano.a(lib_a-exit.o)
 .bss           0x0000000000000000        0x0 /opt/gcc-arm-none-eabi-10.3-2021.10/bin/../lib/gcc/arm-none-eabi/10.3.1/../../../../arm-none-eabi/lib/thumb/v7e-m+fp/hard/libc_nano.a(lib_a-exit.o)
 .text.exit     0x0000000000000000       0x28 /opt/gcc-arm-none-eabi-10.3-2021.10/bin/../lib/gcc/arm-none-eabi/10.3.1/../../../../arm-none-eabi/lib/thumb/v7e-m+fp/hard/libc_nano.a(lib_a-exit.o)
 .debug_frame   0x0000000000000000       0x28 /opt/gcc-arm-none-eabi-10.3-2021.10/bin/../lib/gcc/arm-none-eabi/10.3.1/../../../../arm-none-eabi/lib/thumb/v7e-m+fp/hard/libc_nano.a(lib_a-exit.o)
 .ARM.attributes
                0x0000000000000000       0x34 /opt/gcc-arm-none-eabi-10.3-2021.10/bin/../lib/gcc/arm-none-eabi/10.3.1/../../../../arm-none-eabi/lib/thumb/v7e-m+fp/hard/libc_nano.a(lib_a-exit.o)
 .text          0x0000000000000000        0x0 /opt/gcc-arm-none-eabi-10.3-2021.10/bin/../lib/gcc/arm-none-eabi/10.3.1/../../../../arm-none-eabi/lib/thumb/v7e-m+fp/hard/libc_nano.a(lib_a-impure.o)
 .data          0x0000000000000000        0x0 /opt/gcc-arm-none-eabi-10.3-2021.10/bin/../lib/gcc/arm-none-eabi/10.3.1/../../../../arm-none-eabi/lib/thumb/v7e-m+fp/hard/libc_nano.a(lib_a-impure.o)
 .bss           0x0000000000000000        0x0 /opt/gcc-arm-none-eabi-10.3-2021.10/bin/../lib/gcc/arm-none-eabi/10.3.1/../../../../arm-none-eabi/lib/thumb/v7e-m+fp/hard/libc_nano.a(lib_a-impure.o)
 .data._impure_ptr
                0x0000000000000000        0x4 /opt/gcc-arm-none-eabi-10.3-2021.10/bin/../lib/gcc/arm-none-eabi/10.3.1/../../../../arm-none-eabi/lib/thumb/v7e-m+fp/hard/libc_nano.a(lib_a-impure.o)
 .data.impure_data
                0x0000000000000000       0x60 /opt/gcc-arm-none-eabi-10.3-2021.10/bin/../lib/gcc/arm-none-eabi/10.3.1/../../../../arm-none-eabi/lib/thumb/v7e-m+fp/hard/libc_nano.a(lib_a-impure.o)
 .rodata._global_impure_ptr
                0x0000000000000000        0x4 /opt/gcc-arm-none-eabi-10.3-2021.10/bin/../lib/gcc/arm-none-eabi/10.3.1/../../../../arm-none-eabi/lib/thumb/v7e-m+fp/hard/libc_nano.a(lib_a-impure.o)
 .ARM.attributes
                0x0000000000000000       0x34 /opt/gcc-arm-none-eabi-10.3-2021.10/bin/../lib/gcc/arm-none-eabi/10.3.1/../../../../arm-none-eabi/lib/thumb/v7e-m+fp/hard/libc_nano.a(lib_a-impure.o)
 .text          0x0000000000000000        0x0 /opt/gcc-arm-none-eabi-10.3-2021.10/bin/../lib/gcc/arm-none-eabi/10.3.1/../../../../arm-none-eabi/lib/thumb/v7e-m+fp/hard/libc_nano.a(lib_a-init.o)
 .data          0x0000000000000000        0x0 /opt/gcc-arm-none-eabi-10.3-2021.10/bin/../lib/gcc/arm-none-eabi/10.3.1/../../../../arm-none-eabi/lib/thumb/v7e-m+fp/hard/libc_nano.a(lib_a-init.o)
 .bss           0x0000000000000000        0x0 /opt/gcc-arm-none-eabi-10.3-2021.10/bin/../lib/gcc/arm-none-eabi/10.3.1/../../../../arm-none-eabi/lib/thumb/v7e-m+fp/hard/libc_nano.a(lib_a-init.o)
 .text          0x0000000000000000        0x0 /opt/gcc-arm-none-eabi-10.3-2021.10/bin/../lib/gcc/arm-none-eabi/10.3.1/../../../../arm-none-eabi/lib/thumb/v7e-m+fp/hard/libc_nano.a(lib_a-memset.o)
 .data          0x0000000000000000        0x0 /opt/gcc-arm-none-eabi-10.3-2021.10/bin/../lib/gcc/arm-none-eabi/10.3.1/../../../../arm-none-eabi/lib/thumb/v7e-m+fp/hard/libc_nano.a(lib_a-memset.o)
 .bss           0x0000000000000000        0x0 /opt/gcc-arm-none-eabi-10.3-2021.10/bin/../lib/gcc/arm-none-eabi/10.3.1/../../../../arm-none-eabi/lib/thumb/v7e-m+fp/hard/libc_nano.a(lib_a-memset.o)
 .text.memset   0x0000000000000000       0x10 /opt/gcc-arm-none-eabi-10.3-2021.10/bin/../lib/gcc/arm-none-eabi/10.3.1/../../../../arm-none-eabi/lib/thumb/v7e-m+fp/hard/libc_nano.a(lib_a-memset.o)
 .debug_frame   0x0000000000000000       0x20 /opt/gcc-arm-none-eabi-10.3-2021.10/bin/../lib/gcc/arm-none-eabi/10.3.1/../../../../arm-none-eabi/lib/thumb/v7e-m+fp/hard/libc_nano.a(lib_a-memset.o)
 .ARM.attributes
                0x0000000000000000       0x34 /opt/gcc-arm-none-eabi-10.3-2021.10/bin/../lib/gcc/arm-none-eabi/10.3.1/../../../../arm-none-eabi/lib/thumb/v7e-m+fp/hard/libc_nano.a(lib_a-memset.o)
 .text          0x0000000000000000        0x0 /opt/gcc-arm-none-eabi-10.3-2021.10/bin/../lib/gcc/arm-none-eabi/10.3.1/thumb/v7e-m+fp/hard/crtend.o
 .data          0x0000000000000000        0x0 /opt/gcc-arm-none-eabi-10.3-2021.10/bin/../lib/gcc/arm-none-eabi/10.3.1/thumb/v7e-m+fp/hard/crtend.o
 .bss           0x0000000000000000        0x0 /opt/gcc-arm-none-eabi-10.3-2021.10/bin/../lib/gcc/arm-none-eabi/10.3.1/thumb/v7e-m+fp/hard/crtend.o
 .rodata        0x0000000000000000       0x24 /opt/gcc-arm-none-eabi-10.3-2021.10/bin/../lib/gcc/arm-none-eabi/10.3.1/thumb/v7e-m+fp/hard/crtend.o
 .eh_frame      0x0000000000000000        0x4 /opt/gcc-arm-none-eabi-10.3-2021.10/bin/../lib/gcc/arm-none-eabi/10.3.1/thumb/v7e-m+fp/hard/crtend.o
 .ARM.attributes
                0x0000000000000000       0x34 /opt/gcc-arm-none-eabi-10.3-2021.10/bin/../lib/gcc/arm-none-eabi/10.3.1/thumb/v7e-m+fp/hard/crtend.o
 .text          0x0000000000000000        0x0 /opt/gcc-arm-none-eabi-10.3-2021.10/bin/../lib/gcc/arm-none-eabi/10.3.1/thumb/v7e-m+fp/hard/crtn.o
 .data          0x0000000000000000        0x0 /opt/gcc-arm-none-eabi-10.3-2021.10/bin/../lib/gcc/arm-none-eabi/10.3.1/thumb/v7e-m+fp/hard/crtn.o
 .bss           0x0000000000000000        0x0 /opt/gcc-arm-none-eabi-10.3-2021.10/bin/../lib/gcc/arm-none-eabi/10.3.1/thumb/v7e-m+fp/hard/crtn.o

Memory Configuration

Name             Origin             Length             Attributes
CCMRAM           0x0000000010000000 0x0000000000010000 xrw
RAM              0x0000000020000000 0x0000000000020000 xrw
FLASH            0x0000000008000000 0x0000000000008000 xr
*default*        0x0000000000000000 0xffffffffffffffff

Linker script and memory map

LOAD /opt/gcc-arm-none-eabi-10.3-2021.10/bin/../lib/gcc/arm-none-eabi/10.3.1/thumb/v7e-m+fp/hard/crti.o
LOAD /opt/gcc-arm-none-eabi-10.3-2021.10/bin/../lib/gcc/arm-none-eabi/10.3.1/thumb/v7e-m+fp/hard/crtbegin.o
LOAD /opt/gcc-arm-none-eabi-10.3-2021.10/bin/../lib/gcc/arm-none-eabi/10.3.1/../../../../arm-none-eabi/lib/thumb/v7e-m+fp/hard/crt0.o
LOAD Build/bootloader.o
LOAD Build/led.o
LOAD Build/syscalls.o
LOAD Build/sysmem.o
LOAD Build/startup_stm32f401vgtx.o
START GROUP
LOAD /opt/gcc-arm-none-eabi-10.3-2021.10/bin/../lib/gcc/arm-none-eabi/10.3.1/../../../../arm-none-eabi/lib/thumb/v7e-m+fp/hard/libc_nano.a
LOAD /opt/gcc-arm-none-eabi-10.3-2021.10/bin/../lib/gcc/arm-none-eabi/10.3.1/../../../../arm-none-eabi/lib/thumb/v7e-m+fp/hard/libm.a
END GROUP
START GROUP
LOAD /opt/gcc-arm-none-eabi-10.3-2021.10/bin/../lib/gcc/arm-none-eabi/10.3.1/thumb/v7e-m+fp/hard/libgcc.a
LOAD /opt/gcc-arm-none-eabi-10.3-2021.10/bin/../lib/gcc/arm-none-eabi/10.3.1/../../../../arm-none-eabi/lib/thumb/v7e-m+fp/hard/libc_nano.a
END GROUP
START GROUP
LOAD /opt/gcc-arm-none-eabi-10.3-2021.10/bin/../lib/gcc/arm-none-eabi/10.3.1/thumb/v7e-m+fp/hard/libgcc.a
LOAD /opt/gcc-arm-none-eabi-10.3-2021.10/bin/../lib/gcc/arm-none-eabi/10.3.1/../../../../arm-none-eabi/lib/thumb/v7e-m+fp/hard/libc_nano.a
LOAD /opt/gcc-arm-none-eabi-10.3-2021.10/bin/../lib/gcc/arm-none-eabi/10.3.1/../../../../arm-none-eabi/lib/thumb/v7e-m+fp/hard/libnosys.a
END GROUP
START GROUP
LOAD /opt/gcc-arm-none-eabi-10.3-2021.10/bin/../lib/gcc/arm-none-eabi/10.3.1/thumb/v7e-m+fp/hard/libgcc.a
LOAD /opt/gcc-arm-none-eabi-10.3-2021.10/bin/../lib/gcc/arm-none-eabi/10.3.1/../../../../arm-none-eabi/lib/thumb/v7e-m+fp/hard/libc_nano.a
LOAD /opt/gcc-arm-none-eabi-10.3-2021.10/bin/../lib/gcc/arm-none-eabi/10.3.1/../../../../arm-none-eabi/lib/thumb/v7e-m+fp/hard/libnosys.a
END GROUP
LOAD /opt/gcc-arm-none-eabi-10.3-2021.10/bin/../lib/gcc/arm-none-eabi/10.3.1/thumb/v7e-m+fp/hard/crtend.o
LOAD /opt/gcc-arm-none-eabi-10.3-2021.10/bin/../lib/gcc/arm-none-eabi/10.3.1/thumb/v7e-m+fp/hard/crtn.o
                0x0000000020020000                _estack = (ORIGIN (RAM) + LENGTH (RAM))
                0x0000000000000200                _Min_Heap_Size = 0x200
                0x0000000000000400                _Min_Stack_Size = 0x400

.isr_vector     0x0000000008000000      0x1a8
                0x0000000008000000                . = ALIGN (0x4)
 *(.isr_vector)
 .isr_vector    0x0000000008000000      0x1a8 Build/startup_stm32f401vgtx.o
                0x0000000008000000                g_pfnVectors
                0x00000000080001a8                . = ALIGN (0x4)

.text           0x00000000080001a8      0x188
                0x00000000080001a8                . = ALIGN (0x4)
 *(.text)
 .text          0x00000000080001a8       0x40 /opt/gcc-arm-none-eabi-10.3-2021.10/bin/../lib/gcc/arm-none-eabi/10.3.1/thumb/v7e-m+fp/hard/crtbegin.o
 *(.text*)
 .text.jump_main
                0x00000000080001e8       0x2c Build/bootloader.o
 .text.main     0x0000000008000214        0xa Build/bootloader.o
                0x0000000008000214                main
 *fill*         0x000000000800021e        0x2 
 .text.Led_init
                0x0000000008000220       0x3c Build/led.o
                0x0000000008000220                Led_init
 .text.TurOn_led
                0x000000000800025c       0x20 Build/led.o
                0x000000000800025c                TurOn_led
 .text.Reset_Handler
                0x000000000800027c       0x50 Build/startup_stm32f401vgtx.o
                0x000000000800027c                Reset_Handler
 .text.Default_Handler
                0x00000000080002cc        0x2 Build/startup_stm32f401vgtx.o
                0x00000000080002cc                RTC_Alarm_IRQHandler
                0x00000000080002cc                HASH_RNG_IRQHandler
                0x00000000080002cc                EXTI2_IRQHandler
                0x00000000080002cc                TIM8_CC_IRQHandler
                0x00000000080002cc                DebugMon_Handler
                0x00000000080002cc                TIM1_CC_IRQHandler
                0x00000000080002cc                DMA2_Stream5_IRQHandler
                0x00000000080002cc                HardFault_Handler
                0x00000000080002cc                DMA1_Stream5_IRQHandler
                0x00000000080002cc                SysTick_Handler
                0x00000000080002cc                PVD_IRQHandler
                0x00000000080002cc                SDIO_IRQHandler
                0x00000000080002cc                TAMP_STAMP_IRQHandler
                0x00000000080002cc                PendSV_Handler
                0x00000000080002cc                NMI_Handler
                0x00000000080002cc                CAN2_RX1_IRQHandler
                0x00000000080002cc                EXTI3_IRQHandler
                0x00000000080002cc                TIM8_TRG_COM_TIM14_IRQHandler
                0x00000000080002cc                TIM1_UP_TIM10_IRQHandler
                0x00000000080002cc                TIM8_UP_TIM13_IRQHandler
                0x00000000080002cc                I2C3_ER_IRQHandler
                0x00000000080002cc                LCD_TFT_IRQHandler
                0x00000000080002cc                EXTI0_IRQHandler
                0x00000000080002cc                I2C2_EV_IRQHandler
                0x00000000080002cc                DMA1_Stream2_IRQHandler
                0x00000000080002cc                CAN1_RX0_IRQHandler
                0x00000000080002cc                FPU_IRQHandler
                0x00000000080002cc                OTG_HS_WKUP_IRQHandler
                0x00000000080002cc                UsageFault_Handler
                0x00000000080002cc                CAN2_SCE_IRQHandler
                0x00000000080002cc                DMA2_Stream2_IRQHandler
                0x00000000080002cc                SPI1_IRQHandler
                0x00000000080002cc                TIM6_DAC_IRQHandler
                0x00000000080002cc                TIM1_BRK_TIM9_IRQHandler
                0x00000000080002cc                DCMI_IRQHandler
                0x00000000080002cc                CAN2_RX0_IRQHandler
                0x00000000080002cc                DMA2_Stream3_IRQHandler
                0x00000000080002cc                USART6_IRQHandler
                0x00000000080002cc                USART3_IRQHandler
                0x00000000080002cc                CRYP_IRQHandler
                0x00000000080002cc                CAN1_RX1_IRQHandler
                0x00000000080002cc                UART5_IRQHandler
                0x00000000080002cc                DMA2_Stream0_IRQHandler
                0x00000000080002cc                TIM4_IRQHandler
                0x00000000080002cc                I2C1_EV_IRQHandler
                0x00000000080002cc                DMA1_Stream6_IRQHandler
                0x00000000080002cc                DMA1_Stream1_IRQHandler
                0x00000000080002cc                UART4_IRQHandler
                0x00000000080002cc                LCD_TFT_1_IRQHandler
                0x00000000080002cc                TIM3_IRQHandler
                0x00000000080002cc                RCC_IRQHandler
                0x00000000080002cc                TIM8_BRK_TIM12_IRQHandler
                0x00000000080002cc                Default_Handler
                0x00000000080002cc                EXTI15_10_IRQHandler
                0x00000000080002cc                ADC_IRQHandler
                0x00000000080002cc                DMA1_Stream7_IRQHandler
                0x00000000080002cc                TIM7_IRQHandler
                0x00000000080002cc                CAN2_TX_IRQHandler
                0x00000000080002cc                TIM5_IRQHandler
                0x00000000080002cc                DMA2_Stream7_IRQHandler
                0x00000000080002cc                I2C3_EV_IRQHandler
                0x00000000080002cc                EXTI9_5_IRQHandler
                0x00000000080002cc                RTC_WKUP_IRQHandler
                0x00000000080002cc                ETH_WKUP_IRQHandler
                0x00000000080002cc                SPI2_IRQHandler
                0x00000000080002cc                OTG_HS_EP1_IN_IRQHandler
                0x00000000080002cc                MemManage_Handler
                0x00000000080002cc                DMA1_Stream0_IRQHandler
                0x00000000080002cc                CAN1_TX_IRQHandler
                0x00000000080002cc                SVC_Handler
                0x00000000080002cc                EXTI4_IRQHandler
                0x00000000080002cc                FSMC_IRQHandler
                0x00000000080002cc                ETH_IRQHandler
                0x00000000080002cc                OTG_HS_EP1_OUT_IRQHandler
                0x00000000080002cc                WWDG_IRQHandler
                0x00000000080002cc                TIM2_IRQHandler
                0x00000000080002cc                OTG_FS_WKUP_IRQHandler
                0x00000000080002cc                TIM1_TRG_COM_TIM11_IRQHandler
                0x00000000080002cc                OTG_HS_IRQHandler
                0x00000000080002cc                EXTI1_IRQHandler
                0x00000000080002cc                USART2_IRQHandler
                0x00000000080002cc                I2C2_ER_IRQHandler
                0x00000000080002cc                DMA2_Stream1_IRQHandler
                0x00000000080002cc                CAN1_SCE_IRQHandler
                0x00000000080002cc                DMA2_Stream4_IRQHandler
                0x00000000080002cc                BusFault_Handler
                0x00000000080002cc                USART1_IRQHandler
                0x00000000080002cc                OTG_FS_IRQHandler
                0x00000000080002cc                SPI3_IRQHandler
                0x00000000080002cc                DMA1_Stream4_IRQHandler
                0x00000000080002cc                I2C1_ER_IRQHandler
                0x00000000080002cc                DMA2_Stream6_IRQHandler
                0x00000000080002cc                DMA1_Stream3_IRQHandler
 *fill*         0x00000000080002ce        0x2 
 .text.__libc_init_array
                0x00000000080002d0       0x48 /opt/gcc-arm-none-eabi-10.3-2021.10/bin/../lib/gcc/arm-none-eabi/10.3.1/../../../../arm-none-eabi/lib/thumb/v7e-m+fp/hard/libc_nano.a(lib_a-init.o)
                0x00000000080002d0                __libc_init_array
 *(.glue_7)
 .glue_7        0x0000000008000318        0x0 linker stubs
 *(.glue_7t)
 .glue_7t       0x0000000008000318        0x0 linker stubs
 *(.eh_frame)
 .eh_frame      0x0000000008000318        0x0 /opt/gcc-arm-none-eabi-10.3-2021.10/bin/../lib/gcc/arm-none-eabi/10.3.1/thumb/v7e-m+fp/hard/crtbegin.o
 *(.init)
 .init          0x0000000008000318        0x4 /opt/gcc-arm-none-eabi-10.3-2021.10/bin/../lib/gcc/arm-none-eabi/10.3.1/thumb/v7e-m+fp/hard/crti.o
                0x0000000008000318                _init
 .init          0x000000000800031c        0x8 /opt/gcc-arm-none-eabi-10.3-2021.10/bin/../lib/gcc/arm-none-eabi/10.3.1/thumb/v7e-m+fp/hard/crtn.o
 *(.fini)
 .fini          0x0000000008000324        0x4 /opt/gcc-arm-none-eabi-10.3-2021.10/bin/../lib/gcc/arm-none-eabi/10.3.1/thumb/v7e-m+fp/hard/crti.o
                0x0000000008000324                _fini
 .fini          0x0000000008000328        0x8 /opt/gcc-arm-none-eabi-10.3-2021.10/bin/../lib/gcc/arm-none-eabi/10.3.1/thumb/v7e-m+fp/hard/crtn.o
                0x0000000008000330                . = ALIGN (0x4)
                0x0000000008000330                _etext = .

.vfp11_veneer   0x0000000008000330        0x0
 .vfp11_veneer  0x0000000008000330        0x0 linker stubs

.v4_bx          0x0000000008000330        0x0
 .v4_bx         0x0000000008000330        0x0 linker stubs

.iplt           0x0000000008000330        0x0
 .iplt          0x0000000008000330        0x0 /opt/gcc-arm-none-eabi-10.3-2021.10/bin/../lib/gcc/arm-none-eabi/10.3.1/thumb/v7e-m+fp/hard/crtbegin.o

.rel.dyn        0x0000000008000330        0x0
 .rel.iplt      0x0000000008000330        0x0 /opt/gcc-arm-none-eabi-10.3-2021.10/bin/../lib/gcc/arm-none-eabi/10.3.1/thumb/v7e-m+fp/hard/crtbegin.o

.rodata         0x0000000008000330        0x0
                0x0000000008000330                . = ALIGN (0x4)
 *(.rodata)
 *(.rodata*)
                0x0000000008000330                . = ALIGN (0x4)

.ARM.extab      0x0000000008000330        0x0
                0x0000000008000330                . = ALIGN (0x4)
 *(.ARM.extab* .gnu.linkonce.armextab.*)
                0x0000000008000330                . = ALIGN (0x4)

.ARM            0x0000000008000330        0x0
                0x0000000008000330                . = ALIGN (0x4)
                0x0000000008000330                __exidx_start = .
 *(.ARM.exidx*)
                0x0000000008000330                __exidx_end = .
                0x0000000008000330                . = ALIGN (0x4)

.preinit_array  0x0000000008000330        0x0
                0x0000000008000330                . = ALIGN (0x4)
                0x0000000008000330                PROVIDE (__preinit_array_start = .)
 *(.preinit_array*)
                0x0000000008000330                PROVIDE (__preinit_array_end = .)
                0x0000000008000330                . = ALIGN (0x4)

.init_array     0x0000000008000330        0x4
                0x0000000008000330                . = ALIGN (0x4)
                0x0000000008000330                PROVIDE (__init_array_start = .)
 *(SORT_BY_NAME(.init_array.*))
 *(.init_array*)
 .init_array    0x0000000008000330        0x4 /opt/gcc-arm-none-eabi-10.3-2021.10/bin/../lib/gcc/arm-none-eabi/10.3.1/thumb/v7e-m+fp/hard/crtbegin.o
                0x0000000008000334                PROVIDE (__init_array_end = .)
                0x0000000008000334                . = ALIGN (0x4)

.fini_array     0x0000000008000334        0x4
                0x0000000008000334                . = ALIGN (0x4)
                [!provide]                        PROVIDE (__fini_array_start = .)
 *(SORT_BY_NAME(.fini_array.*))
 *(.fini_array*)
 .fini_array    0x0000000008000334        0x4 /opt/gcc-arm-none-eabi-10.3-2021.10/bin/../lib/gcc/arm-none-eabi/10.3.1/thumb/v7e-m+fp/hard/crtbegin.o
                [!provide]                        PROVIDE (__fini_array_end = .)
                0x0000000008000338                . = ALIGN (0x4)
                0x0000000008000338                _sidata = LOADADDR (.data)

.data           0x0000000020000000        0x0 load address 0x0000000008000338
                0x0000000020000000                . = ALIGN (0x4)
                0x0000000020000000                _sdata = .
 *(.data)
 *(.data*)
 *(.RamFunc)
 *(.RamFunc*)
                0x0000000020000000                . = ALIGN (0x4)
                0x0000000020000000                _edata = .
                0x0000000008000338                _siccmram = LOADADDR (.ccmram)

.igot.plt       0x0000000020000000        0x0 load address 0x0000000008000338
 .igot.plt      0x0000000020000000        0x0 /opt/gcc-arm-none-eabi-10.3-2021.10/bin/../lib/gcc/arm-none-eabi/10.3.1/thumb/v7e-m+fp/hard/crtbegin.o

.ccmram         0x0000000010000000        0x0 load address 0x0000000008000338
                0x0000000010000000                . = ALIGN (0x4)
                0x0000000010000000                _sccmram = .
 *(.ccmram)
 *(.ccmram*)
                0x0000000010000000                . = ALIGN (0x4)
                0x0000000010000000                _eccmram = .
                0x0000000010000000                . = ALIGN (0x4)

.bss            0x0000000020000000       0x1c
                0x0000000020000000                _sbss = .
                0x0000000020000000                __bss_start__ = _sbss
 *(.bss)
 .bss           0x0000000020000000       0x1c /opt/gcc-arm-none-eabi-10.3-2021.10/bin/../lib/gcc/arm-none-eabi/10.3.1/thumb/v7e-m+fp/hard/crtbegin.o
 *(.bss*)
 *(COMMON)
                0x000000002000001c                . = ALIGN (0x4)
                0x000000002000001c                _ebss = .
                0x000000002000001c                __bss_end__ = _ebss

._user_heap_stack
                0x000000002000001c      0x604
                0x0000000020000020                . = ALIGN (0x8)
 *fill*         0x000000002000001c        0x4 
                [!provide]                        PROVIDE (end = .)
                0x0000000020000020                PROVIDE (_end = .)
                0x0000000020000220                . = (. + _Min_Heap_Size)
 *fill*         0x0000000020000020      0x200 
                0x0000000020000620                . = (. + _Min_Stack_Size)
 *fill*         0x0000000020000220      0x400 
                0x0000000020000620                . = ALIGN (0x8)

/DISCARD/
 libc.a(*)
 libm.a(*)
 libgcc.a(*)

.ARM.attributes
                0x0000000000000000       0x30
 *(.ARM.attributes)
 .ARM.attributes
                0x0000000000000000       0x1e /opt/gcc-arm-none-eabi-10.3-2021.10/bin/../lib/gcc/arm-none-eabi/10.3.1/thumb/v7e-m+fp/hard/crti.o
 .ARM.attributes
                0x000000000000001e       0x34 /opt/gcc-arm-none-eabi-10.3-2021.10/bin/../lib/gcc/arm-none-eabi/10.3.1/thumb/v7e-m+fp/hard/crtbegin.o
 .ARM.attributes
                0x0000000000000052       0x34 Build/bootloader.o
 .ARM.attributes
                0x0000000000000086       0x34 Build/led.o
 .ARM.attributes
                0x00000000000000ba       0x21 Build/startup_stm32f401vgtx.o
 .ARM.attributes
                0x00000000000000db       0x34 /opt/gcc-arm-none-eabi-10.3-2021.10/bin/../lib/gcc/arm-none-eabi/10.3.1/../../../../arm-none-eabi/lib/thumb/v7e-m+fp/hard/libc_nano.a(lib_a-init.o)
 .ARM.attributes
                0x000000000000010f       0x1e /opt/gcc-arm-none-eabi-10.3-2021.10/bin/../lib/gcc/arm-none-eabi/10.3.1/thumb/v7e-m+fp/hard/crtn.o
OUTPUT(Bootloader.elf elf32-littlearm)
LOAD linker stubs
LOAD /opt/gcc-arm-none-eabi-10.3-2021.10/bin/../lib/gcc/arm-none-eabi/10.3.1/../../../../arm-none-eabi/lib/thumb/v7e-m+fp/hard/libc.a
LOAD /opt/gcc-arm-none-eabi-10.3-2021.10/bin/../lib/gcc/arm-none-eabi/10.3.1/../../../../arm-none-eabi/lib/thumb/v7e-m+fp/hard/libm.a
LOAD /opt/gcc-arm-none-eabi-10.3-2021.10/bin/../lib/gcc/arm-none-eabi/10.3.1/thumb/v7e-m+fp/hard/libgcc.a

.debug_info     0x0000000000000000      0x488
 .debug_info    0x0000000000000000      0x11b Build/bootloader.o
 .debug_info    0x000000000000011b      0x34b Build/led.o
 .debug_info    0x0000000000000466       0x22 Build/startup_stm32f401vgtx.o

.debug_abbrev   0x0000000000000000      0x17b
 .debug_abbrev  0x0000000000000000       0xbc Build/bootloader.o
 .debug_abbrev  0x00000000000000bc       0xad Build/led.o
 .debug_abbrev  0x0000000000000169       0x12 Build/startup_stm32f401vgtx.o

.debug_aranges  0x0000000000000000       0x90
 .debug_aranges
                0x0000000000000000       0x30 Build/bootloader.o
 .debug_aranges
                0x0000000000000030       0x38 Build/led.o
 .debug_aranges
                0x0000000000000068       0x28 Build/startup_stm32f401vgtx.o

.debug_ranges   0x0000000000000000       0x68
 .debug_ranges  0x0000000000000000       0x20 Build/bootloader.o
 .debug_ranges  0x0000000000000020       0x28 Build/led.o
 .debug_ranges  0x0000000000000048       0x20 Build/startup_stm32f401vgtx.o

.debug_macro    0x0000000000000000    0x18195
 .debug_macro   0x0000000000000000       0xd5 Build/bootloader.o
 .debug_macro   0x00000000000000d5      0xa84 Build/bootloader.o
 .debug_macro   0x0000000000000b59       0x2f Build/bootloader.o
 .debug_macro   0x0000000000000b88       0x22 Build/bootloader.o
 .debug_macro   0x0000000000000baa       0x8e Build/bootloader.o
 .debug_macro   0x0000000000000c38       0x51 Build/bootloader.o
 .debug_macro   0x0000000000000c89      0x103 Build/bootloader.o
 .debug_macro   0x0000000000000d8c       0x6a Build/bootloader.o
 .debug_macro   0x0000000000000df6      0x1df Build/bootloader.o
 .debug_macro   0x0000000000000fd5       0x1c Build/bootloader.o
 .debug_macro   0x0000000000000ff1       0x22 Build/bootloader.o
 .debug_macro   0x0000000000001013       0xd9 Build/bootloader.o
 .debug_macro   0x00000000000010ec     0x102d Build/bootloader.o
 .debug_macro   0x0000000000002119      0x11f Build/bootloader.o
 .debug_macro   0x0000000000002238    0x15e82 Build/bootloader.o
 .debug_macro   0x00000000000180ba       0xdb Build/led.o

.debug_line     0x0000000000000000      0x5d5
 .debug_line    0x0000000000000000      0x2a6 Build/bootloader.o
 .debug_line    0x00000000000002a6      0x2a5 Build/led.o
 .debug_line    0x000000000000054b       0x8a Build/startup_stm32f401vgtx.o

.debug_str      0x0000000000000000    0x8798b
 .debug_str     0x0000000000000000    0x877c6 Build/bootloader.o
                                      0x8793d (size before relaxing)
 .debug_str     0x00000000000877c6      0x18e Build/led.o
                                      0x87a23 (size before relaxing)
 .debug_str     0x0000000000087954       0x37 Build/startup_stm32f401vgtx.o
                                         0x8c (size before relaxing)

.comment        0x0000000000000000       0x49
 .comment       0x0000000000000000       0x49 Build/bootloader.o
                                         0x4a (size before relaxing)
 .comment       0x0000000000000049       0x4a Build/led.o

.debug_frame    0x0000000000000000      0x134
 .debug_frame   0x0000000000000000       0x78 Build/bootloader.o
 .debug_frame   0x0000000000000078       0x90 Build/led.o
 .debug_frame   0x0000000000000108       0x2c /opt/gcc-arm-none-eabi-10.3-2021.10/bin/../lib/gcc/arm-none-eabi/10.3.1/../../../../arm-none-eabi/lib/thumb/v7e-m+fp/hard/libc_nano.a(lib_a-init.o)
